Archive member included to satisfy reference by file (symbol)

.\CortexM3\ARM_GCC_541\Debug\Bolddispenser_CoinMaster.a(UART.o)
                              .\CortexM3\ARM_GCC_541\Debug\UART_debug.o (UART_Start)
.\CortexM3\ARM_GCC_541\Debug\Bolddispenser_CoinMaster.a(isr_uart_rx.o)
                              .\CortexM3\ARM_GCC_541\Debug\UART_debug.o (isr_uart_rx_StartEx)
.\CortexM3\ARM_GCC_541\Debug\Bolddispenser_CoinMaster.a(isr_detection.o)
                              .\CortexM3\ARM_GCC_541\Debug\CoinDetection.o (isr_detection_Enable)
.\CortexM3\ARM_GCC_541\Debug\Bolddispenser_CoinMaster.a(Motor_Reg_2.o)
                              .\CortexM3\ARM_GCC_541\Debug\MotorControl.o (Motor_Reg_2_Write)
.\CortexM3\ARM_GCC_541\Debug\Bolddispenser_CoinMaster.a(Motor_Timer.o)
                              .\CortexM3\ARM_GCC_541\Debug\MotorControl.o (Motor_Timer_Start)
.\CortexM3\ARM_GCC_541\Debug\Bolddispenser_CoinMaster.a(isr_timer.o)
                              .\CortexM3\ARM_GCC_541\Debug\MotorControl.o (isr_timer_Enable)
.\CortexM3\ARM_GCC_541\Debug\Bolddispenser_CoinMaster.a(Interrupt.o)
                              .\CortexM3\ARM_GCC_541\Debug\RPi_IF.o (Interrupt_Write)
.\CortexM3\ARM_GCC_541\Debug\Bolddispenser_CoinMaster.a(I2C.o)
                              .\CortexM3\ARM_GCC_541\Debug\RPi_IF.o (I2C_Start)
.\CortexM3\ARM_GCC_541\Debug\Bolddispenser_CoinMaster.a(I2C_INT.o)
                              .\CortexM3\ARM_GCC_541\Debug\Bolddispenser_CoinMaster.a(I2C.o) (I2C_ISR)
.\CortexM3\ARM_GCC_541\Debug\Bolddispenser_CoinMaster.a(I2C_SLAVE.o)
                              .\CortexM3\ARM_GCC_541\Debug\Bolddispenser_CoinMaster.a(I2C.o) (I2C_slStatus)
.\CortexM3\ARM_GCC_541\Debug\Bolddispenser_CoinMaster.a(Sample_Hold_1.o)
                              .\CortexM3\ARM_GCC_541\Debug\Balldispenser.o (Sample_Hold_1_Start)
.\CortexM3\ARM_GCC_541\Debug\Bolddispenser_CoinMaster.a(ADC_DelSig_1.o)
                              .\CortexM3\ARM_GCC_541\Debug\Balldispenser.o (ADC_DelSig_1_Start)
.\CortexM3\ARM_GCC_541\Debug\Bolddispenser_CoinMaster.a(ADC_DelSig_1_INT.o)
                              .\CortexM3\ARM_GCC_541\Debug\Bolddispenser_CoinMaster.a(ADC_DelSig_1.o) (ADC_DelSig_1_ISR1)
.\CortexM3\ARM_GCC_541\Debug\Bolddispenser_CoinMaster.a(PWM_1.o)
                              .\CortexM3\ARM_GCC_541\Debug\Balldispenser.o (PWM_1_Start)
.\CortexM3\ARM_GCC_541\Debug\Bolddispenser_CoinMaster.a(pin_full.o)
                              .\CortexM3\ARM_GCC_541\Debug\Balldispenser.o (pin_full_Write)
.\CortexM3\ARM_GCC_541\Debug\Bolddispenser_CoinMaster.a(pin_empty.o)
                              .\CortexM3\ARM_GCC_541\Debug\Balldispenser.o (pin_empty_Write)
.\CortexM3\ARM_GCC_541\Debug\Bolddispenser_CoinMaster.a(Motor_Reg_1.o)
                              .\CortexM3\ARM_GCC_541\Debug\MotorControl.o (Motor_Reg_1_Write)
.\CortexM3\ARM_GCC_541\Debug\Bolddispenser_CoinMaster.a(UART_IntClock.o)
                              .\CortexM3\ARM_GCC_541\Debug\Bolddispenser_CoinMaster.a(UART.o) (UART_IntClock_Start)
.\CortexM3\ARM_GCC_541\Debug\Bolddispenser_CoinMaster.a(ADC_DelSig_1_AMux.o)
                              .\CortexM3\ARM_GCC_541\Debug\Bolddispenser_CoinMaster.a(ADC_DelSig_1.o) (ADC_DelSig_1_AMux_Select)
.\CortexM3\ARM_GCC_541\Debug\Bolddispenser_CoinMaster.a(ADC_DelSig_1_Ext_CP_Clk.o)
                              .\CortexM3\ARM_GCC_541\Debug\Bolddispenser_CoinMaster.a(ADC_DelSig_1.o) (ADC_DelSig_1_Ext_CP_Clk_SetModeRegister)
.\CortexM3\ARM_GCC_541\Debug\Bolddispenser_CoinMaster.a(ADC_DelSig_1_theACLK.o)
                              .\CortexM3\ARM_GCC_541\Debug\Bolddispenser_CoinMaster.a(ADC_DelSig_1.o) (ADC_DelSig_1_theACLK_SetModeRegister)
.\CortexM3\ARM_GCC_541\Debug\Bolddispenser_CoinMaster.a(CyLib.o)
                              .\CortexM3\ARM_GCC_541\Debug\Cm3Start.o (CyHalt)
.\CortexM3\ARM_GCC_541\Debug\Bolddispenser_CoinMaster.a(cyPm.o)
                              .\CortexM3\ARM_GCC_541\Debug\Bolddispenser_CoinMaster.a(CyLib.o) (CyPmReadStatus)
.\CortexM3\ARM_GCC_541\Debug\Bolddispenser_CoinMaster.a(CyBootAsmGnu.o)
                              .\CortexM3\ARM_GCC_541\Debug\cyfitter_cfg.o (CyDelayCycles)
.\CortexM3\ARM_GCC_541\Debug\Bolddispenser_CoinMaster.a(CyFlash.o)
                              .\CortexM3\ARM_GCC_541\Debug\Bolddispenser_CoinMaster.a(cyPm.o) (CyFlash_SetWaitCycles)
.\CortexM3\ARM_GCC_541\Debug\Bolddispenser_CoinMaster.a(CySpc.o)
                              .\CortexM3\ARM_GCC_541\Debug\Bolddispenser_CoinMaster.a(CyFlash.o) (CySpcStart)
c:/program files (x86)/cypress/psoc creator/4.2/psoc creator/import/gnu/arm/5.4.1/bin/../lib/gcc/arm-none-eabi/5.4.1/armv7-m\libgcc.a(_arm_addsubdf3.o)
                              .\CortexM3\ARM_GCC_541\Debug\Bolddispenser_CoinMaster.a(ADC_DelSig_1.o) (__aeabi_f2d)
c:/program files (x86)/cypress/psoc creator/4.2/psoc creator/import/gnu/arm/5.4.1/bin/../lib/gcc/arm-none-eabi/5.4.1/armv7-m\libgcc.a(_arm_cmpdf2.o)
[...]
Memory Configuration

Name             Origin             Length             Attributes
rom              0x00000000         0x00040000         xr
ram              0x1fff8000         0x00010000         xrw
*default*        0x00000000         0xffffffff

Linker script and memory map

LOAD c:/program files (x86)/cypress/psoc creator/4.2/psoc creator/import/gnu/arm/5.4.1/bin/../lib/gcc/arm-none-eabi/5.4.1/armv7-m/crti.o
LOAD c:/program files (x86)/cypress/psoc creator/4.2/psoc creator/import/gnu/arm/5.4.1/bin/../lib/gcc/arm-none-eabi/5.4.1/armv7-m/crtbegin.o
LOAD c:/program files (x86)/cypress/psoc creator/4.2/psoc creator/import/gnu/arm/5.4.1/bin/../lib/gcc/arm-none-eabi/5.4.1/../../../../arm-none-eabi/lib/armv7-m/crt0.o
START GROUP
LOAD .\CortexM3\ARM_GCC_541\Debug\main.o
LOAD .\CortexM3\ARM_GCC_541\Debug\Balldispenser.o
LOAD .\CortexM3\ARM_GCC_541\Debug\CoinDetection.o
LOAD .\CortexM3\ARM_GCC_541\Debug\MotorControl.o
LOAD .\CortexM3\ARM_GCC_541\Debug\RPi_IF.o
LOAD .\CortexM3\ARM_GCC_541\Debug\UART_debug.o
LOAD .\CortexM3\ARM_GCC_541\Debug\cyfitter_cfg.o
LOAD .\CortexM3\ARM_GCC_541\Debug\cymetadata.o
LOAD .\CortexM3\ARM_GCC_541\Debug\Cm3Start.o
LOAD .\CortexM3\ARM_GCC_541\Debug\Bolddispenser_CoinMaster.a
LOAD C:\Program Files (x86)\Cypress\PSoC Creator\4.2\PSoC Creator\psoc\content\cycomponentlibrary\CyComponentLibrary.cylib\CortexM3\ARM_GCC_541\Debug\CyComponentLibrary.a
END GROUP
START GROUP
LOAD c:/program files (x86)/cypress/psoc creator/4.2/psoc creator/import/gnu/arm/5.4.1/bin/../lib/gcc/arm-none-eabi/5.4.1/armv7-m\libgcc.a
LOAD c:/program files (x86)/cypress/psoc creator/4.2/psoc creator/import/gnu/arm/5.4.1/bin/../lib/gcc/arm-none-eabi/5.4.1/../../../../arm-none-eabi/lib/armv7-m\libg_nano.a
LOAD c:/program files (x86)/cypress/psoc creator/4.2/psoc creator/import/gnu/arm/5.4.1/bin/../lib/gcc/arm-none-eabi/5.4.1/../../../../arm-none-eabi/lib/armv7-m\libc_nano.a
END GROUP
START GROUP
LOAD c:/program files (x86)/cypress/psoc creator/4.2/psoc creator/import/gnu/arm/5.4.1/bin/../lib/gcc/arm-none-eabi/5.4.1/armv7-m\libgcc.a
LOAD c:/program files (x86)/cypress/psoc creator/4.2/psoc creator/import/gnu/arm/5.4.1/bin/../lib/gcc/arm-none-eabi/5.4.1/../../../../arm-none-eabi/lib/armv7-m\libc_nano.a
END GROUP
LOAD c:/program files (x86)/cypress/psoc creator/4.2/psoc creator/import/gnu/arm/5.4.1/bin/../lib/gcc/arm-none-eabi/5.4.1/armv7-m/crtend.o
LOAD c:/program files (x86)/cypress/psoc creator/4.2/psoc creator/import/gnu/arm/5.4.1/bin/../lib/gcc/arm-none-eabi/5.4.1/armv7-m/crtn.o
START GROUP
LOAD c:/program files (x86)/cypress/psoc creator/4.2/psoc creator/import/gnu/arm/5.4.1/bin/../lib/gcc/arm-none-eabi/5.4.1/armv7-m\libgcc.a
LOAD c:/program files (x86)/cypress/psoc creator/4.2/psoc creator/import/gnu/arm/5.4.1/bin/../lib/gcc/arm-none-eabi/5.4.1/../../../../arm-none-eabi/lib/armv7-m\libc.a
LOAD c:/program files (x86)/cypress/psoc creator/4.2/psoc creator/import/gnu/arm/5.4.1/bin/../lib/gcc/arm-none-eabi/5.4.1/../../../../arm-none-eabi/lib/armv7-m\libnosys.a
END GROUP
                0x00000000                CY_APPL_ORIGIN = 0x0
                0x00000100                CY_FLASH_ROW_SIZE = 0x100
                0x00000020                CY_ECC_ROW_SIZE = 0x20
                0x00000000                CY_EE_IN_BTLDR = 0x0
                0x00000000                CY_APPL_LOADABLE = 0x0
                0x00000800                CY_EE_SIZE = 0x800
                0x00000001                CY_APPL_NUM = 0x1
                0x00000001                CY_APPL_MAX = 0x1
                0x00000040                CY_METADATA_SIZE = 0x40
                0x00000000                CY_APPL_LOADABLE = 0x0
                0x00000000                CY_CHECKSUM_EXCLUDE_SIZE = ALIGN (0x0, CY_FLASH_ROW_SIZE)
                [!provide]                PROVIDE (__cy_heap_start, _end)
                0x00000001                PROVIDE (__cy_region_num, ((__cy_regions_end - __cy_regions) / 0x10))
                0x20008000                PROVIDE (__cy_stack, (ORIGIN (ram) + LENGTH (ram)))
                [!provide]                PROVIDE (__cy_heap_end, (__cy_stack - 0x800))

.cybootloader   0x00000000        0x0
 *(.cybootloader)
                0x00000000                appl1_start = CY_APPL_ORIGIN?CY_APPL_ORIGIN:ALIGN (CY_FLASH_ROW_SIZE)
                0x0001ff00                appl2_start = (appl1_start + ALIGN ((((LENGTH (rom) - appl1_start) - (0x2 * CY_FLASH_ROW_SIZE)) / 0x2), CY_FLASH_ROW_SIZE))
                0x00000000                appl_start = (CY_APPL_NUM == 0x1)?appl1_start:appl2_start
                0x00000000                ecc_offset = ((appl_start / CY_FLASH_ROW_SIZE) * CY_ECC_ROW_SIZE)
                0x00000000                ee_offset = (CY_APPL_LOADABLE && ! (CY_EE_IN_BTLDR))?((CY_EE_SIZE / CY_APPL_MAX) * (CY_APPL_NUM - 0x1)):0x0
                0x00000800                ee_size = (CY_APPL_LOADABLE && ! (CY_EE_IN_BTLDR))?(CY_EE_SIZE / CY_APPL_MAX):CY_EE_SIZE
                [!provide]                PROVIDE (CY_ECC_OFFSET, ecc_offset)

.text           0x00000000     0x1a06
 CREATE_OBJECT_SYMBOLS
                0x00000000                PROVIDE (__cy_interrupt_vector, RomVectors)
 *(.romvectors)
 .romvectors    0x00000000       0x10 .\CortexM3\ARM_GCC_541\Debug\Cm3Start.o
                0x00000000                RomVectors
                0x00000001                ASSERT ((. != __cy_interrupt_vector), No interrupt vector)
                0x00000001                ASSERT (CY_APPL_ORIGIN?(SIZEOF (.cybootloader) <= CY_APPL_ORIGIN):0x1, Wrong image location)
                0x00000010                PROVIDE (__cy_reset, Reset)
 *(.text.Reset)
 .text.Reset    0x00000010       0x18 .\CortexM3\ARM_GCC_541\Debug\Cm3Start.o
                0x00000010                Reset
                0x00000001                ASSERT ((. != __cy_reset), No reset code)
 *(.dma_init)
                0x00000001                ASSERT ((((appl_start + .) <= 0x10000) || 0x1), DMA Init must be within the first 64k of flash)
 *(.text .text.* .gnu.linkonce.t.*)
 .text          0x00000028       0x5c c:/program files (x86)/cypress/psoc creator/4.2/psoc creator/import/gnu/arm/5.4.1/bin/../lib/gcc/arm-none-eabi/5.4.1/armv7-m/crtbegin.o
 .text.main     0x00000084       0x20 .\CortexM3\ARM_GCC_541\Debug\main.o
                0x00000084                main
 .text.initBallDispenser
                0x000000a4       0x10 .\CortexM3\ARM_GCC_541\Debug\Balldispenser.o
                0x000000a4                initBallDispenser
 .text.DispenseBalls
                0x000000b4       0x3c .\CortexM3\ARM_GCC_541\Debug\Balldispenser.o
                0x000000b4                DispenseBalls
 .text.UpdateStatusLEDS
                0x000000f0       0x3c .\CortexM3\ARM_GCC_541\Debug\Balldispenser.o
                0x000000f0                UpdateStatusLEDS
 .text.countBalls
                0x0000012c       0x88 .\CortexM3\ARM_GCC_541\Debug\Balldispenser.o
                0x0000012c                countBalls
 .text.initCoinDetector
                0x000001b4       0x10 .\CortexM3\ARM_GCC_541\Debug\CoinDetection.o
                0x000001b4                initCoinDetector
 .text.rejectCoin
                0x000001c4        0xc .\CortexM3\ARM_GCC_541\Debug\CoinDetection.o
                0x000001c4                rejectCoin
 .text.acceptCoin
                0x000001d0        0xc .\CortexM3\ARM_GCC_541\Debug\CoinDetection.o
                0x000001d0                acceptCoin
 .text.disableDispenser
                0x000001dc       0x18 .\CortexM3\ARM_GCC_541\Debug\CoinDetection.o
                0x000001dc                disableDispenser
 .text.handleCoinDetection
                0x000001f4       0x4c .\CortexM3\ARM_GCC_541\Debug\CoinDetection.o
                0x000001f4                handleCoinDetection
 .text.ISR_detection_handler
                0x00000240       0x18 .\CortexM3\ARM_GCC_541\Debug\CoinDetection.o
                0x00000240                ISR_detection_handler
 .text.enableDispenser
                0x00000258       0x18 .\CortexM3\ARM_GCC_541\Debug\CoinDetection.o
                0x00000258                enableDispenser
 .text.resetDetectorISR
                0x00000270       0x14 .\CortexM3\ARM_GCC_541\Debug\CoinDetection.o
                0x00000270                resetDetectorISR
 .text.Motor_Timer_I_handler
                0x00000284       0x10 .\CortexM3\ARM_GCC_541\Debug\MotorControl.o
                0x00000284                Motor_Timer_I_handler
 .text.initMotorControl
                0x00000294       0x18 .\CortexM3\ARM_GCC_541\Debug\MotorControl.o
                0x00000294                initMotorControl
 .text.step     0x000002ac       0x74 .\CortexM3\ARM_GCC_541\Debug\MotorControl.o
                0x000002ac                step
 .text.Rotate90
                0x00000320       0x38 .\CortexM3\ARM_GCC_541\Debug\MotorControl.o
                0x00000320                Rotate90
 .text.revRotate90
                0x00000358       0x3c .\CortexM3\ARM_GCC_541\Debug\MotorControl.o
                0x00000358                revRotate90
 .text.step2    0x00000394       0x74 .\CortexM3\ARM_GCC_541\Debug\MotorControl.o
                0x00000394                step2
 .text.Rotate1802
                0x00000408       0x30 .\CortexM3\ARM_GCC_541\Debug\MotorControl.o
                0x00000408                Rotate1802
 .text.revRotate1802
                0x00000438       0x30 .\CortexM3\ARM_GCC_541\Debug\MotorControl.o
                0x00000438                revRotate1802
 .text.resetReadBuffer
                0x00000468       0x18 .\CortexM3\ARM_GCC_541\Debug\RPi_IF.o
                0x00000468                resetReadBuffer
 .text.RPI_IF_init
                0x00000480       0x30 .\CortexM3\ARM_GCC_541\Debug\RPi_IF.o
                0x00000480                RPI_IF_init
 .text.SendToRPi
                0x000004b0       0x28 .\CortexM3\ARM_GCC_541\Debug\RPi_IF.o
                0x000004b0                SendToRPi
 .text.dispenserStatus
                0x000004d8       0x24 .\CortexM3\ARM_GCC_541\Debug\RPi_IF.o
                0x000004d8                dispenserStatus
 .text.coinInserted
                0x000004fc       0x10 .\CortexM3\ARM_GCC_541\Debug\RPi_IF.o
                0x000004fc                coinInserted
 .text.RPi_IF_handleData
                0x0000050c       0x50 .\CortexM3\ARM_GCC_541\Debug\RPi_IF.o
                0x0000050c                RPi_IF_handleData
 .text.handleCommand
                0x0000055c       0x90 .\CortexM3\ARM_GCC_541\Debug\UART_debug.o
                0x0000055c                handleCommand
 .text.handleUART
                0x000005ec       0x20 .\CortexM3\ARM_GCC_541\Debug\UART_debug.o
                0x000005ec                handleUART
 .text.ISR_UART_rx_handler
                0x0000060c        0x8 .\CortexM3\ARM_GCC_541\Debug\UART_debug.o
                0x0000060c                ISR_UART_rx_handler
 .text.initUART
                0x00000614       0x3c .\CortexM3\ARM_GCC_541\Debug\UART_debug.o
                0x00000614                initUART
 .text.CyClockStartupError
                0x00000650        0x4 .\CortexM3\ARM_GCC_541\Debug\cyfitter_cfg.o
 .text.cfg_write_bytes32
                0x00000654       0x34 .\CortexM3\ARM_GCC_541\Debug\cyfitter_cfg.o
 .text.AnalogSetDefault
                0x00000688       0x48 .\CortexM3\ARM_GCC_541\Debug\cyfitter_cfg.o
 .text.CYMEMZERO
                0x000006d0        0xc .\CortexM3\ARM_GCC_541\Debug\cyfitter_cfg.o
 .text.CYCONFIGCPY
                0x000006dc        0x8 .\CortexM3\ARM_GCC_541\Debug\cyfitter_cfg.o
 .text.ClockSetup
                0x000006e4      0x120 .\CortexM3\ARM_GCC_541\Debug\cyfitter_cfg.o
 .text.ADC_DelSig_1_AMux_Set
                0x00000804       0x1c .\CortexM3\ARM_GCC_541\Debug\cyfitter_cfg.o
                0x00000804                ADC_DelSig_1_AMux_Set
 .text.ADC_DelSig_1_AMux_Unset
                0x00000820       0x1c .\CortexM3\ARM_GCC_541\Debug\cyfitter_cfg.o
                0x00000820                ADC_DelSig_1_AMux_Unset
 .text.cyfitter_cfg
                0x0000083c      0x128 .\CortexM3\ARM_GCC_541\Debug\cyfitter_cfg.o
                0x0000083c                cyfitter_cfg
 .text.IntDefaultHandler
                0x00000964       0x10 .\CortexM3\ARM_GCC_541\Debug\Cm3Start.o
                0x00000964                IntDefaultHandler
 .text.Start_c  0x00000974       0x4c .\CortexM3\ARM_GCC_541\Debug\Cm3Start.o
                0x00000974                Start_c
 .text.initialize_psoc
                0x000009c0       0x68 .\CortexM3\ARM_GCC_541\Debug\Cm3Start.o
                0x000009c0                initialize_psoc
 .text.UART_Init
                0x00000a28       0x28 .\CortexM3\ARM_GCC_541\Debug\Bolddispenser_CoinMaster.a(UART.o)
                0x00000a28                UART_Init
 .text.UART_Enable
                0x00000a50       0x38 .\CortexM3\ARM_GCC_541\Debug\Bolddispenser_CoinMaster.a(UART.o)
                0x00000a50                UART_Enable
 .text.UART_Start
                0x00000a88       0x1c .\CortexM3\ARM_GCC_541\Debug\Bolddispenser_CoinMaster.a(UART.o)
                0x00000a88                UART_Start
 .text.UART_GetChar
                0x00000aa4       0x2c .\CortexM3\ARM_GCC_541\Debug\Bolddispenser_CoinMaster.a(UART.o)
                0x00000aa4                UART_GetChar
 .text.UART_PutChar
                0x00000ad0       0x18 .\CortexM3\ARM_GCC_541\Debug\Bolddispenser_CoinMaster.a(UART.o)
                0x00000ad0                UART_PutChar
 .text.UART_PutString
                0x00000ae8       0x24 .\CortexM3\ARM_GCC_541\Debug\Bolddispenser_CoinMaster.a(UART.o)
                0x00000ae8                UART_PutString
 .text.isr_uart_rx_SetVector
                0x00000b0c        0xc .\CortexM3\ARM_GCC_541\Debug\Bolddispenser_CoinMaster.a(isr_uart_rx.o)
                0x00000b0c                isr_uart_rx_SetVector
 .text.isr_uart_rx_SetPriority
                0x00000b18       0x10 .\CortexM3\ARM_GCC_541\Debug\Bolddispenser_CoinMaster.a(isr_uart_rx.o)
                0x00000b18                isr_uart_rx_SetPriority
 .text.isr_uart_rx_Enable
                0x00000b28        0xc .\CortexM3\ARM_GCC_541\Debug\Bolddispenser_CoinMaster.a(isr_uart_rx.o)
                0x00000b28                isr_uart_rx_Enable
 .text.isr_uart_rx_Disable
                0x00000b34        0xc .\CortexM3\ARM_GCC_541\Debug\Bolddispenser_CoinMaster.a(isr_uart_rx.o)
                0x00000b34                isr_uart_rx_Disable
 .text.isr_uart_rx_StartEx
                0x00000b40       0x1c .\CortexM3\ARM_GCC_541\Debug\Bolddispenser_CoinMaster.a(isr_uart_rx.o)
                0x00000b40                isr_uart_rx_StartEx
 .text.isr_detection_SetVector
                0x00000b5c        0xc .\CortexM3\ARM_GCC_541\Debug\Bolddispenser_CoinMaster.a(isr_detection.o)
                0x00000b5c                isr_detection_SetVector
 .text.isr_detection_SetPriority
                0x00000b68       0x10 .\CortexM3\ARM_GCC_541\Debug\Bolddispenser_CoinMaster.a(isr_detection.o)
                0x00000b68                isr_detection_SetPriority
 .text.isr_detection_Enable
                0x00000b78        0xc .\CortexM3\ARM_GCC_541\Debug\Bolddispenser_CoinMaster.a(isr_detection.o)
                0x00000b78                isr_detection_Enable
 .text.isr_detection_Disable
                0x00000b84        0xc .\CortexM3\ARM_GCC_541\Debug\Bolddispenser_CoinMaster.a(isr_detection.o)
                0x00000b84                isr_detection_Disable
 .text.isr_detection_StartEx
                0x00000b90       0x1c .\CortexM3\ARM_GCC_541\Debug\Bolddispenser_CoinMaster.a(isr_detection.o)
                0x00000b90                isr_detection_StartEx
 .text.isr_detection_ClearPending
                0x00000bac        0xc .\CortexM3\ARM_GCC_541\Debug\Bolddispenser_CoinMaster.a(isr_detection.o)
                0x00000bac                isr_detection_ClearPending
 .text.Motor_Reg_2_Write
                0x00000bb8        0xc .\CortexM3\ARM_GCC_541\Debug\Bolddispenser_CoinMaster.a(Motor_Reg_2.o)
                0x00000bb8                Motor_Reg_2_Write
 .text.Motor_Timer_Enable
                0x00000bc4       0x28 .\CortexM3\ARM_GCC_541\Debug\Bolddispenser_CoinMaster.a(Motor_Timer.o)
                0x00000bc4                Motor_Timer_Enable
 .text.Motor_Timer_SetInterruptMode
                0x00000bec        0xc .\CortexM3\ARM_GCC_541\Debug\Bolddispenser_CoinMaster.a(Motor_Timer.o)
                0x00000bec                Motor_Timer_SetInterruptMode
 .text.Motor_Timer_WritePeriod
                0x00000bf8        0xc .\CortexM3\ARM_GCC_541\Debug\Bolddispenser_CoinMaster.a(Motor_Timer.o)
                0x00000bf8                Motor_Timer_WritePeriod
 .text.Motor_Timer_WriteCounter
                0x00000c04        0xc .\CortexM3\ARM_GCC_541\Debug\Bolddispenser_CoinMaster.a(Motor_Timer.o)
                0x00000c04                Motor_Timer_WriteCounter
 .text.Motor_Timer_Init
                0x00000c10       0x64 .\CortexM3\ARM_GCC_541\Debug\Bolddispenser_CoinMaster.a(Motor_Timer.o)
                0x00000c10                Motor_Timer_Init
 .text.Motor_Timer_Start
                0x00000c74       0x1c .\CortexM3\ARM_GCC_541\Debug\Bolddispenser_CoinMaster.a(Motor_Timer.o)
                0x00000c74                Motor_Timer_Start
 .text.isr_timer_SetVector
                0x00000c90        0xc .\CortexM3\ARM_GCC_541\Debug\Bolddispenser_CoinMaster.a(isr_timer.o)
                0x00000c90                isr_timer_SetVector
 .text.isr_timer_SetPriority
                0x00000c9c       0x10 .\CortexM3\ARM_GCC_541\Debug\Bolddispenser_CoinMaster.a(isr_timer.o)
                0x00000c9c                isr_timer_SetPriority
 .text.isr_timer_Enable
                0x00000cac        0xc .\CortexM3\ARM_GCC_541\Debug\Bolddispenser_CoinMaster.a(isr_timer.o)
                0x00000cac                isr_timer_Enable
 .text.isr_timer_Disable
                0x00000cb8        0xc .\CortexM3\ARM_GCC_541\Debug\Bolddispenser_CoinMaster.a(isr_timer.o)
                0x00000cb8                isr_timer_Disable
 .text.isr_timer_StartEx
                0x00000cc4       0x1c .\CortexM3\ARM_GCC_541\Debug\Bolddispenser_CoinMaster.a(isr_timer.o)
                0x00000cc4                isr_timer_StartEx
 .text.Interrupt_Write
                0x00000ce0       0x18 .\CortexM3\ARM_GCC_541\Debug\Bolddispenser_CoinMaster.a(Interrupt.o)
                0x00000ce0                Interrupt_Write
 .text.I2C_Init
                0x00000cf8       0x78 .\CortexM3\ARM_GCC_541\Debug\Bolddispenser_CoinMaster.a(I2C.o)
                0x00000cf8                I2C_Init
 .text.I2C_Enable
                0x00000d70       0x28 .\CortexM3\ARM_GCC_541\Debug\Bolddispenser_CoinMaster.a(I2C.o)
                0x00000d70                I2C_Enable
 .text.I2C_Start
                0x00000d98       0x28 .\CortexM3\ARM_GCC_541\Debug\Bolddispenser_CoinMaster.a(I2C.o)
                0x00000d98                I2C_Start
 .text.I2C_ISR  0x00000dc0      0x25c .\CortexM3\ARM_GCC_541\Debug\Bolddispenser_CoinMaster.a(I2C_INT.o)
                0x00000dc0                I2C_ISR
 .text.I2C_SlaveClearWriteStatus
                0x0000101c       0x28 .\CortexM3\ARM_GCC_541\Debug\Bolddispenser_CoinMaster.a(I2C_SLAVE.o)
                0x0000101c                I2C_SlaveClearWriteStatus
 .text.I2C_SlaveSetAddress
                0x00001044       0x10 .\CortexM3\ARM_GCC_541\Debug\Bolddispenser_CoinMaster.a(I2C_SLAVE.o)
                0x00001044                I2C_SlaveSetAddress
 .text.I2C_SlaveInitReadBuf
                0x00001054       0x34 .\CortexM3\ARM_GCC_541\Debug\Bolddispenser_CoinMaster.a(I2C_SLAVE.o)
                0x00001054                I2C_SlaveInitReadBuf
 .text.I2C_SlaveInitWriteBuf
                0x00001088       0x34 .\CortexM3\ARM_GCC_541\Debug\Bolddispenser_CoinMaster.a(I2C_SLAVE.o)
                0x00001088                I2C_SlaveInitWriteBuf
 .text.I2C_SlaveGetWriteBufSize
                0x000010bc        0xc .\CortexM3\ARM_GCC_541\Debug\Bolddispenser_CoinMaster.a(I2C_SLAVE.o)
                0x000010bc                I2C_SlaveGetWriteBufSize
 .text.I2C_SlaveClearReadBuf
                0x000010c8        0xc .\CortexM3\ARM_GCC_541\Debug\Bolddispenser_CoinMaster.a(I2C_SLAVE.o)
                0x000010c8                I2C_SlaveClearReadBuf
 .text.Sample_Hold_1_Enable
                0x000010d4       0x28 .\CortexM3\ARM_GCC_541\Debug\Bolddispenser_CoinMaster.a(Sample_Hold_1.o)
                0x000010d4                Sample_Hold_1_Enable
 .text.Sample_Hold_1_SetPower
                0x000010fc       0x18 .\CortexM3\ARM_GCC_541\Debug\Bolddispenser_CoinMaster.a(Sample_Hold_1.o)
                0x000010fc                Sample_Hold_1_SetPower
 .text.Sample_Hold_1_Init
                0x00001114       0x38 .\CortexM3\ARM_GCC_541\Debug\Bolddispenser_CoinMaster.a(Sample_Hold_1.o)
                0x00001114                Sample_Hold_1_Init
 .text.Sample_Hold_1_Start
                0x0000114c       0x1c .\CortexM3\ARM_GCC_541\Debug\Bolddispenser_CoinMaster.a(Sample_Hold_1.o)
                0x0000114c                Sample_Hold_1_Start
 .text.ADC_DelSig_1_GainCompensation
                0x00001168       0xdc .\CortexM3\ARM_GCC_541\Debug\Bolddispenser_CoinMaster.a(ADC_DelSig_1.o)
 .text.ADC_DelSig_1_SetDSMRef0Reg
                0x00001244       0x4c .\CortexM3\ARM_GCC_541\Debug\Bolddispenser_CoinMaster.a(ADC_DelSig_1.o)
 .text.ADC_DelSig_1_InitConfig
                0x00001290       0xe0 .\CortexM3\ARM_GCC_541\Debug\Bolddispenser_CoinMaster.a(ADC_DelSig_1.o)
 .text.ADC_DelSig_1_Init
                0x00001370       0xc4 .\CortexM3\ARM_GCC_541\Debug\Bolddispenser_CoinMaster.a(ADC_DelSig_1.o)
                0x00001370                ADC_DelSig_1_Init
 .text.ADC_DelSig_1_Enable
                0x00001434       0xd8 .\CortexM3\ARM_GCC_541\Debug\Bolddispenser_CoinMaster.a(ADC_DelSig_1.o)
                0x00001434                ADC_DelSig_1_Enable
 .text.ADC_DelSig_1_Start
                0x0000150c       0x28 .\CortexM3\ARM_GCC_541\Debug\Bolddispenser_CoinMaster.a(ADC_DelSig_1.o)
                0x0000150c                ADC_DelSig_1_Start
 .text.ADC_DelSig_1_StartConvert
                0x00001534       0x10 .\CortexM3\ARM_GCC_541\Debug\Bolddispenser_CoinMaster.a(ADC_DelSig_1.o)
                0x00001534                ADC_DelSig_1_StartConvert
 .text.ADC_DelSig_1_GetResult16
                0x00001544       0x50 .\CortexM3\ARM_GCC_541\Debug\Bolddispenser_CoinMaster.a(ADC_DelSig_1.o)
                0x00001544                ADC_DelSig_1_GetResult16
 .text.ADC_DelSig_1_ISR1
                0x00001594        0x4 .\CortexM3\ARM_GCC_541\Debug\Bolddispenser_CoinMaster.a(ADC_DelSig_1_INT.o)
                0x00001594                ADC_DelSig_1_ISR1
 .text.PWM_1_Enable
                0x00001598       0x10 .\CortexM3\ARM_GCC_541\Debug\Bolddispenser_CoinMaster.a(PWM_1.o)
                0x00001598                PWM_1_Enable
 .text.PWM_1_WriteCounter
                0x000015a8        0xc .\CortexM3\ARM_GCC_541\Debug\Bolddispenser_CoinMaster.a(PWM_1.o)
                0x000015a8                PWM_1_WriteCounter
 .text.PWM_1_WritePeriod
                0x000015b4        0xc .\CortexM3\ARM_GCC_541\Debug\Bolddispenser_CoinMaster.a(PWM_1.o)
                0x000015b4                PWM_1_WritePeriod
 .text.PWM_1_WriteCompare1
                0x000015c0        0xc .\CortexM3\ARM_GCC_541\Debug\Bolddispenser_CoinMaster.a(PWM_1.o)
                0x000015c0                PWM_1_WriteCompare1
 .text.PWM_1_WriteCompare2
                0x000015cc        0xc .\CortexM3\ARM_GCC_541\Debug\Bolddispenser_CoinMaster.a(PWM_1.o)
                0x000015cc                PWM_1_WriteCompare2
 .text.PWM_1_Init
                0x000015d8       0x38 .\CortexM3\ARM_GCC_541\Debug\Bolddispenser_CoinMaster.a(PWM_1.o)
                0x000015d8                PWM_1_Init
 .text.PWM_1_Start
                0x00001610       0x1c .\CortexM3\ARM_GCC_541\Debug\Bolddispenser_CoinMaster.a(PWM_1.o)
                0x00001610                PWM_1_Start
 .text.pin_full_Write
                0x0000162c       0x18 .\CortexM3\ARM_GCC_541\Debug\Bolddispenser_CoinMaster.a(pin_full.o)
                0x0000162c                pin_full_Write
 .text.pin_empty_Write
                0x00001644       0x18 .\CortexM3\ARM_GCC_541\Debug\Bolddispenser_CoinMaster.a(pin_empty.o)
                0x00001644                pin_empty_Write
 .text.Motor_Reg_1_Write
                0x0000165c        0xc .\CortexM3\ARM_GCC_541\Debug\Bolddispenser_CoinMaster.a(Motor_Reg_1.o)
                0x0000165c                Motor_Reg_1_Write
 .text.UART_IntClock_Start
                0x00001668       0x1c .\CortexM3\ARM_GCC_541\Debug\Bolddispenser_CoinMaster.a(UART_IntClock.o)
                0x00001668                UART_IntClock_Start
 .text.ADC_DelSig_1_AMux_Start
                0x00001684       0x20 .\CortexM3\ARM_GCC_541\Debug\Bolddispenser_CoinMaster.a(ADC_DelSig_1_AMux.o)
                0x00001684                ADC_DelSig_1_AMux_Start
 .text.ADC_DelSig_1_AMux_Select
                0x000016a4       0x18 .\CortexM3\ARM_GCC_541\Debug\Bolddispenser_CoinMaster.a(ADC_DelSig_1_AMux.o)
                0x000016a4                ADC_DelSig_1_AMux_Select
 .text.ADC_DelSig_1_Ext_CP_Clk_GetDividerRegister
                0x000016bc        0xc .\CortexM3\ARM_GCC_541\Debug\Bolddispenser_CoinMaster.a(ADC_DelSig_1_Ext_CP_Clk.o)
                0x000016bc                ADC_DelSig_1_Ext_CP_Clk_GetDividerRegister
 .text.ADC_DelSig_1_Ext_CP_Clk_SetModeRegister
                0x000016c8       0x14 .\CortexM3\ARM_GCC_541\Debug\Bolddispenser_CoinMaster.a(ADC_DelSig_1_Ext_CP_Clk.o)
                0x000016c8                ADC_DelSig_1_Ext_CP_Clk_SetModeRegister
 .text.ADC_DelSig_1_Ext_CP_Clk_GetSourceRegister
                0x000016dc       0x10 .\CortexM3\ARM_GCC_541\Debug\Bolddispenser_CoinMaster.a(ADC_DelSig_1_Ext_CP_Clk.o)
                0x000016dc                ADC_DelSig_1_Ext_CP_Clk_GetSourceRegister
 .text.ADC_DelSig_1_Ext_CP_Clk_SetDividerRegister
                0x000016ec       0xd8 .\CortexM3\ARM_GCC_541\Debug\Bolddispenser_CoinMaster.a(ADC_DelSig_1_Ext_CP_Clk.o)
                0x000016ec                ADC_DelSig_1_Ext_CP_Clk_SetDividerRegister
 .text.ADC_DelSig_1_theACLK_GetDividerRegister
                0x000017c4        0xc .\CortexM3\ARM_GCC_541\Debug\Bolddispenser_CoinMaster.a(ADC_DelSig_1_theACLK.o)
                0x000017c4                ADC_DelSig_1_theACLK_GetDividerRegister
 .text.ADC_DelSig_1_theACLK_SetModeRegister
                0x000017d0       0x14 .\CortexM3\ARM_GCC_541\Debug\Bolddispenser_CoinMaster.a(ADC_DelSig_1_theACLK.o)
                0x000017d0                ADC_DelSig_1_theACLK_SetModeRegister
 .text.ADC_DelSig_1_theACLK_GetSourceRegister
                0x000017e4       0x10 .\CortexM3\ARM_GCC_541\Debug\Bolddispenser_CoinMaster.a(ADC_DelSig_1_theACLK.o)
                0x000017e4                ADC_DelSig_1_theACLK_GetSourceRegister
 .text.ADC_DelSig_1_theACLK_SetDividerRegister
                0x000017f4       0xd8 .\CortexM3\ARM_GCC_541\Debug\Bolddispenser_CoinMaster.a(ADC_DelSig_1_theACLK.o)
                0x000017f4                ADC_DelSig_1_theACLK_SetDividerRegister
 .text.CyHalt   0x000018cc        0x4 .\CortexM3\ARM_GCC_541\Debug\Bolddispenser_CoinMaster.a(CyLib.o)
                0x000018cc                CyHalt
 .text.CyDelay  0x000018d0       0x2c .\CortexM3\ARM_GCC_541\Debug\Bolddispenser_CoinMaster.a(CyLib.o)
                0x000018d0                CyDelay
 .text.CyDelayUs
                0x000018fc       0x14 .\CortexM3\ARM_GCC_541\Debug\Bolddispenser_CoinMaster.a(CyLib.o)
                0x000018fc                CyDelayUs
 .text.CyIntSetVector
                0x00001910       0x28 .\CortexM3\ARM_GCC_541\Debug\Bolddispenser_CoinMaster.a(CyLib.o)
                0x00001910                CyIntSetVector
 .text.CyIntSetPriority
                0x00001938       0x30 .\CortexM3\ARM_GCC_541\Debug\Bolddispenser_CoinMaster.a(CyLib.o)
                0x00001938                CyIntSetPriority
 .text          0x00001968       0x20 .\CortexM3\ARM_GCC_541\Debug\Bolddispenser_CoinMaster.a(CyBootAsmGnu.o)
                0x00001968                CyDelayCycles
                0x00001978                CyEnterCriticalSection
                0x00001980                CyExitCriticalSection
 .text.__errno  0x00001988        0xc c:/program files (x86)/cypress/psoc creator/4.2/psoc creator/import/gnu/arm/5.4.1/bin/../lib/gcc/arm-none-eabi/5.4.1/../../../../arm-none-eabi/lib/armv7-m\libg_nano.a(lib_a-errno.o)
                0x00001988                __errno
 .text.__libc_init_array
                0x00001994       0x4c c:/program files (x86)/cypress/psoc creator/4.2/psoc creator/import/gnu/arm/5.4.1/bin/../lib/gcc/arm-none-eabi/5.4.1/../../../../arm-none-eabi/lib/armv7-m\libg_nano.a(lib_a-init.o)
                0x00001994                __libc_init_array
 .text.memcpy   0x000019e0       0x16 c:/program files (x86)/cypress/psoc creator/4.2/psoc creator/import/gnu/arm/5.4.1/bin/../lib/gcc/arm-none-eabi/5.4.1/../../../../arm-none-eabi/lib/armv7-m\libg_nano.a(lib_a-memcpy-stub.o)
                0x000019e0                memcpy
 .text.memset   0x000019f6       0x10 c:/program files (x86)/cypress/psoc creator/4.2/psoc creator/import/gnu/arm/5.4.1/bin/../lib/gcc/arm-none-eabi/5.4.1/../../../../arm-none-eabi/lib/armv7-m\libg_nano.a(lib_a-memset.o)
                0x000019f6                memset
 *(.plt)
 *(.gnu.warning)
 *(.glue_7t)
 .glue_7t       0x00001a06        0x0 linker stubs
 *(.glue_7)
 .glue_7        0x00001a06        0x0 linker stubs
 *(.vfp11_veneer)
 .vfp11_veneer  0x00001a06        0x0 linker stubs
 *(.bootloader)
 *(.ARM.extab* .gnu.linkonce.armextab.*)
 *(.gcc_except_table)

.v4_bx          0x00001a08        0x0
 .v4_bx         0x00001a08        0x0 linker stubs

.iplt           0x00001a08        0x0
 .iplt          0x00001a08        0x0 c:/program files (x86)/cypress/psoc creator/4.2/psoc creator/import/gnu/arm/5.4.1/bin/../lib/gcc/arm-none-eabi/5.4.1/armv7-m/crtbegin.o

.eh_frame_hdr
 *(.eh_frame_hdr)

.eh_frame       0x00001a08        0x4
 *(.eh_frame)
 .eh_frame      0x00001a08        0x0 c:/program files (x86)/cypress/psoc creator/4.2/psoc creator/import/gnu/arm/5.4.1/bin/../lib/gcc/arm-none-eabi/5.4.1/armv7-m/crtbegin.o
 .eh_frame      0x00001a08        0x4 c:/program files (x86)/cypress/psoc creator/4.2/psoc creator/import/gnu/arm/5.4.1/bin/../lib/gcc/arm-none-eabi/5.4.1/armv7-m/crtend.o
                [!provide]                PROVIDE (__exidx_start, .)

.ARM.exidx
 *(.ARM.exidx* .gnu.linkonce.armexidx.*)
                0x00001a0c                __exidx_end = .

.rodata         0x00001a0c      0x1a4
 *(.rodata .rodata.* .gnu.linkonce.r.*)
 .rodata.str1.4
                0x00001a0c       0x25 .\CortexM3\ARM_GCC_541\Debug\Balldispenser.o
 *fill*         0x00001a31        0x3 
 .rodata.str1.4
                0x00001a34       0x69 .\CortexM3\ARM_GCC_541\Debug\CoinDetection.o
 *fill*         0x00001a9d        0x3 
 .rodata.str1.4
                0x00001aa0       0x12 .\CortexM3\ARM_GCC_541\Debug\MotorControl.o
 *fill*         0x00001ab2        0x2 
 .rodata.str1.4
                0x00001ab4       0x16 .\CortexM3\ARM_GCC_541\Debug\RPi_IF.o
 *fill*         0x00001aca        0x2 
 .rodata.str1.4
                0x00001acc       0x64 .\CortexM3\ARM_GCC_541\Debug\UART_debug.o
                                 0x66 (size before relaxing)
 .rodata        0x00001b30       0x46 .\CortexM3\ARM_GCC_541\Debug\cyfitter_cfg.o
                0x00001b30                ADC_DelSig_1_AMux__addrTable
                0x00001b38                ADC_DelSig_1_AMux__maskTable
 .rodata.str1.1
                0x00001b76        0x2 c:/program files (x86)/cypress/psoc creator/4.2/psoc creator/import/gnu/arm/5.4.1/bin/../lib/gcc/arm-none-eabi/5.4.1/../../../../arm-none-eabi/lib/armv7-m\libg_nano.a(lib_a-impure.o)
                0x00001b78                . = ALIGN (0x4)
 *(.init)
 .init          0x00001b78        0x4 c:/program files (x86)/cypress/psoc creator/4.2/psoc creator/import/gnu/arm/5.4.1/bin/../lib/gcc/arm-none-eabi/5.4.1/armv7-m/crti.o
                0x00001b78                _init
 .init          0x00001b7c        0x8 c:/program files (x86)/cypress/psoc creator/4.2/psoc creator/import/gnu/arm/5.4.1/bin/../lib/gcc/arm-none-eabi/5.4.1/armv7-m/crtn.o
                0x00001b84                . = ALIGN (0x4)
                0x00001b84                __preinit_array_start = .
 *(.preinit_array)
                0x00001b84                __preinit_array_end = .
                0x00001b84                . = ALIGN (0x4)
                0x00001b84                __init_array_start = .
 *(SORT(.init_array.*))
 *(.init_array)
 .init_array    0x00001b84        0x4 c:/program files (x86)/cypress/psoc creator/4.2/psoc creator/import/gnu/arm/5.4.1/bin/../lib/gcc/arm-none-eabi/5.4.1/armv7-m/crtbegin.o
 .init_array    0x00001b88        0x4 .\CortexM3\ARM_GCC_541\Debug\Cm3Start.o
                0x00001b8c                __init_array_end = .
                0x00001b8c                . = ALIGN (0x4)
 *(.fini)
 .fini          0x00001b8c        0x4 c:/program files (x86)/cypress/psoc creator/4.2/psoc creator/import/gnu/arm/5.4.1/bin/../lib/gcc/arm-none-eabi/5.4.1/armv7-m/crti.o
                0x00001b8c                _fini
 .fini          0x00001b90        0x8 c:/program files (x86)/cypress/psoc creator/4.2/psoc creator/import/gnu/arm/5.4.1/bin/../lib/gcc/arm-none-eabi/5.4.1/armv7-m/crtn.o
                0x00001b98                . = ALIGN (0x4)
                0x00001b98                __fini_array_start = .
 *(.fini_array)
 .fini_array    0x00001b98        0x4 c:/program files (x86)/cypress/psoc creator/4.2/psoc creator/import/gnu/arm/5.4.1/bin/../lib/gcc/arm-none-eabi/5.4.1/armv7-m/crtbegin.o
 *(SORT(.fini_array.*))
                0x00001b9c                __fini_array_end = .
                0x00001b9c                . = ALIGN (0x4)
 *crtbegin.o(.ctors)
 *(EXCLUDE_FILE(*crtend.o) .ctors)
 *(SORT(.ctors.*))
 *crtend.o(.ctors)
                0x00001b9c                . = ALIGN (0x4)
 *crtbegin.o(.dtors)
 *(EXCLUDE_FILE(*crtend.o) .dtors)
 *(SORT(.dtors.*))
 *crtend.o(.dtors)
                0x00001b9c                . = ALIGN (0x4)
                0x00001b9c                __cy_regions = .
                0x00001b9c        0x4 LONG 0x1bb0 __cy_region_init_ram
                0x00001ba0        0x4 LONG 0x1fff80c8 __cy_region_start_data
                0x00001ba4        0x4 LONG 0x80 __cy_region_init_size_ram
                0x00001ba8        0x4 LONG 0x270 __cy_region_zero_size_ram
                0x00001bac                __cy_regions_end = .
                0x00001bb0                . = ALIGN (0x8)
 *fill*         0x00001bac        0x4 
                0x00001bb0                _etext = .

.cy_checksum_exclude
                0x00001bb0        0x0
 *(.cy_checksum_exclude)

.ramvectors     0x1fff8000       0xc0
                0x1fff8000                __cy_region_start_ram = .
 *(.ramvectors)
 .ramvectors    0x1fff8000       0xc0 .\CortexM3\ARM_GCC_541\Debug\Cm3Start.o
                0x1fff8000                CyRamVectors

.noinit         0x1fff80c0        0x1
 *(.noinit)
 .noinit        0x1fff80c0        0x1 .\CortexM3\ARM_GCC_541\Debug\Bolddispenser_CoinMaster.a(CyLib.o)
                0x1fff80c0                CyResetStatus

.data           0x1fff80c8       0x80 load address 0x00001bb0
                0x1fff80c8                __cy_region_start_data = .
 *(.jcr)
 .jcr           0x1fff80c8        0x0 c:/program files (x86)/cypress/psoc creator/4.2/psoc creator/import/gnu/arm/5.4.1/bin/../lib/gcc/arm-none-eabi/5.4.1/armv7-m/crtbegin.o
 .jcr           0x1fff80c8        0x4 c:/program files (x86)/cypress/psoc creator/4.2/psoc creator/import/gnu/arm/5.4.1/bin/../lib/gcc/arm-none-eabi/5.4.1/armv7-m/crtend.o
 *(.got.plt)
 *(.got)
 *(.shdata)
 *(.data .data.* .gnu.linkonce.d.*)
 .data          0x1fff80cc        0x1 .\CortexM3\ARM_GCC_541\Debug\CoinDetection.o
                0x1fff80cc                dispencerEnabled
 .data          0x1fff80cd        0x1 .\CortexM3\ARM_GCC_541\Debug\Bolddispenser_CoinMaster.a(ADC_DelSig_1.o)
                0x1fff80cd                ADC_DelSig_1_Config
 .data          0x1fff80ce        0x1 .\CortexM3\ARM_GCC_541\Debug\Bolddispenser_CoinMaster.a(ADC_DelSig_1_AMux.o)
 *fill*         0x1fff80cf        0x1 
 .data          0x1fff80d0       0x10 .\CortexM3\ARM_GCC_541\Debug\Bolddispenser_CoinMaster.a(CyLib.o)
                0x1fff80d0                cydelay_32k_ms
                0x1fff80d4                cydelay_freq_khz
                0x1fff80d8                cydelay_freq_mhz
                0x1fff80dc                cydelay_freq_hz
 .data.impure_data
                0x1fff80e0       0x60 c:/program files (x86)/cypress/psoc creator/4.2/psoc creator/import/gnu/arm/5.4.1/bin/../lib/gcc/arm-none-eabi/5.4.1/../../../../arm-none-eabi/lib/armv7-m\libg_nano.a(lib_a-impure.o)
 .data._impure_ptr
                0x1fff8140        0x4 c:/program files (x86)/cypress/psoc creator/4.2/psoc creator/import/gnu/arm/5.4.1/bin/../lib/gcc/arm-none-eabi/5.4.1/../../../../arm-none-eabi/lib/armv7-m\libg_nano.a(lib_a-impure.o)
                0x1fff8140                _impure_ptr
                0x1fff8148                . = ALIGN (0x8)
 *fill*         0x1fff8144        0x4 
 *(.ram)
                0x1fff8148                _edata = .

.igot.plt       0x1fff8148        0x0 load address 0x00001c30
 .igot.plt      0x1fff8148        0x0 c:/program files (x86)/cypress/psoc creator/4.2/psoc creator/import/gnu/arm/5.4.1/bin/../lib/gcc/arm-none-eabi/5.4.1/armv7-m/crtbegin.o

.bss            0x1fff8148      0x270 load address 0x00001c30
                0x1fff8148                PROVIDE (__bss_start__, .)
 *(.shbss)
 *(.bss .bss.* .gnu.linkonce.b.*)
 .bss           0x1fff8148       0x1c c:/program files (x86)/cypress/psoc creator/4.2/psoc creator/import/gnu/arm/5.4.1/bin/../lib/gcc/arm-none-eabi/5.4.1/armv7-m/crtbegin.o
 .bss           0x1fff8164        0x1 .\CortexM3\ARM_GCC_541\Debug\Balldispenser.o
 *fill*         0x1fff8165        0x3 
 .bss           0x1fff8168       0x1c .\CortexM3\ARM_GCC_541\Debug\MotorControl.o
                0x1fff8168                readyForNextStep
                0x1fff8169                readyForNextStep2
                0x1fff816c                nextStep
                0x1fff8170                nextStep2
                0x1fff8174                steppingMode2
                0x1fff8178                stepCount2
                0x1fff817c                steppingMode
                0x1fff8180                stepCount
 .bss           0x1fff8184        0x2 .\CortexM3\ARM_GCC_541\Debug\Bolddispenser_CoinMaster.a(UART.o)
                0x1fff8184                UART_initVar
 .bss           0x1fff8186        0x1 .\CortexM3\ARM_GCC_541\Debug\Bolddispenser_CoinMaster.a(Motor_Timer.o)
                0x1fff8186                Motor_Timer_initVar
 .bss           0x1fff8187        0x1 .\CortexM3\ARM_GCC_541\Debug\Bolddispenser_CoinMaster.a(I2C.o)
                0x1fff8187                I2C_initVar
 .bss           0x1fff8188        0x1 .\CortexM3\ARM_GCC_541\Debug\Bolddispenser_CoinMaster.a(Sample_Hold_1.o)
                0x1fff8188                Sample_Hold_1_initVar
 *fill*         0x1fff8189        0x3 
 .bss           0x1fff818c        0xc .\CortexM3\ARM_GCC_541\Debug\Bolddispenser_CoinMaster.a(ADC_DelSig_1.o)
                0x1fff8190                ADC_DelSig_1_stopConversion
                0x1fff8191                ADC_DelSig_1_convDone
                0x1fff8192                ADC_DelSig_1_initVar
                0x1fff8193                ADC_DelSig_1_started
                0x1fff8194                ADC_DelSig_1_Offset
 .bss           0x1fff8198        0x1 .\CortexM3\ARM_GCC_541\Debug\Bolddispenser_CoinMaster.a(PWM_1.o)
                0x1fff8198                PWM_1_initVar
 *(COMMON)
 *fill*         0x1fff8199        0x3 
 COMMON         0x1fff819c      0x204 .\CortexM3\ARM_GCC_541\Debug\RPi_IF.o
                0x1fff819c                writeBuffer
                0x1fff829c                n
                0x1fff82a0                readBuffer
 COMMON         0x1fff83a0        0x1 .\CortexM3\ARM_GCC_541\Debug\Bolddispenser_CoinMaster.a(I2C.o)
                0x1fff83a0                I2C_state
 *fill*         0x1fff83a1        0x3 
 COMMON         0x1fff83a4       0x10 .\CortexM3\ARM_GCC_541\Debug\Bolddispenser_CoinMaster.a(I2C_SLAVE.o)
                0x1fff83a4                I2C_slRdBufIndex
                0x1fff83a5                I2C_slStatus
                0x1fff83a6                I2C_slWrBufIndex
                0x1fff83a7                I2C_slRdBufSize
                0x1fff83a8                I2C_slWrBufSize
                0x1fff83ac                I2C_slWrBufPtr
                0x1fff83b0                I2C_slRdBufPtr
 COMMON         0x1fff83b4        0x4 .\CortexM3\ARM_GCC_541\Debug\Bolddispenser_CoinMaster.a(ADC_DelSig_1.o)
                0x1fff83b4                ADC_DelSig_1_CountsPerVolt
                0x1fff83b8                . = ALIGN (0x8)
 *(.ram.b)
                0x1fff83b8                _end = .
                0x1fff83b8                __end = .
                0x1fff83b8                PROVIDE (end, .)
                0x1fff83b8                PROVIDE (__bss_end__, .)
                0x00001bb0                __cy_region_init_ram = LOADADDR (.data)
                0x00000080                __cy_region_init_size_ram = (_edata - ADDR (.data))
                0x00000270                __cy_region_zero_size_ram = (_end - _edata)

.heap           0x1fff83b8       0x80 load address 0x00001c30
                0x1fff83b8                . = _end
                0x1fff8438                . = (. + 0x80)
 *fill*         0x1fff83b8       0x80 
                0x1fff8438                __cy_heap_limit = .

.stack          0x20007800      0x800
                0x20007800                __cy_stack_limit = .
                0x20008000                . = (. + 0x800)
 *fill*         0x20007800      0x800 
                0x00000001                ASSERT ((__cy_stack_limit >= __cy_heap_limit), region RAM overflowed with stack)
                0x00000000                cy_checksum_exclude_size = (CY_APPL_LOADABLE == 0x1)?SIZEOF (.cy_checksum_exclude):0x0
                0x00000001                ASSERT ((cy_checksum_exclude_size <= CY_CHECKSUM_EXCLUDE_SIZE), CY_BOOT: Section .cy_checksum_exclude size exceedes specified limit.)

.cyloadermeta
 *(.cyloadermeta)

.cyloadablemeta
 *(.cyloadablemeta)

.cyconfigecc    0x80000000      0x828
 *(.cyconfigecc)
 .cyconfigecc   0x80000000      0x828 .\CortexM3\ARM_GCC_541\Debug\cymetadata.o
                0x80000000                cy_meta_configecc

.cycustnvl      0x90000000        0x4
 *(.cycustnvl)
 .cycustnvl     0x90000000        0x4 .\CortexM3\ARM_GCC_541\Debug\cymetadata.o
                0x90000000                cy_meta_custnvl

.cywolatch      0x90100000        0x4
 *(.cywolatch)
 .cywolatch     0x90100000        0x4 .\CortexM3\ARM_GCC_541\Debug\cymetadata.o
                0x90100000                cy_meta_wonvl

.cyeeprom       0x90200000        0x0
 *(.cyeeprom)
                0x00000001                ASSERT ((. <= ((0x90200000 + ee_offset) + ee_size)), .cyeeprom data will not fit in EEPROM)

.cyflashprotect
                0x90400000      0x100
 *(.cyflashprotect)
 .cyflashprotect
                0x90400000      0x100 .\CortexM3\ARM_GCC_541\Debug\cymetadata.o
                0x90400000                cy_meta_flashprotect

.cymeta         0x90500000        0xc
 *(.cymeta)
 .cymeta        0x90500000        0xc .\CortexM3\ARM_GCC_541\Debug\cymetadata.o
                0x90500000                cy_metadata

.rel.dyn        0x00001c30        0x0 load address 0x9050000c
 .rel.iplt      0x00001c30        0x0 c:/program files (x86)/cypress/psoc creator/4.2/psoc creator/import/gnu/arm/5.4.1/bin/../lib/gcc/arm-none-eabi/5.4.1/armv7-m/crtbegin.o

.stab
 *(.stab)

.stabstr
 *(.stabstr)

.debug
 *(.debug)

.line
 *(.line)

.debug_srcinfo
 *(.debug_srcinfo)

.debug_sfnames
 *(.debug_sfnames)

.debug_aranges  0x00000000      0xf00
 *(.debug_aranges)
 .debug_aranges
                0x00000000       0x20 .\CortexM3\ARM_GCC_541\Debug\main.o
 .debug_aranges
                0x00000020       0x38 .\CortexM3\ARM_GCC_541\Debug\Balldispenser.o
 .debug_aranges
                0x00000058       0x58 .\CortexM3\ARM_GCC_541\Debug\CoinDetection.o
 .debug_aranges
                0x000000b0       0x78 .\CortexM3\ARM_GCC_541\Debug\MotorControl.o
 .debug_aranges
                0x00000128       0x48 .\CortexM3\ARM_GCC_541\Debug\RPi_IF.o
 .debug_aranges
                0x00000170       0x38 .\CortexM3\ARM_GCC_541\Debug\UART_debug.o
 .debug_aranges
                0x000001a8       0x68 .\CortexM3\ARM_GCC_541\Debug\cyfitter_cfg.o
 .debug_aranges
                0x00000210       0x18 .\CortexM3\ARM_GCC_541\Debug\cymetadata.o
 .debug_aranges
                0x00000228       0x48 .\CortexM3\ARM_GCC_541\Debug\Cm3Start.o
 .debug_aranges
                0x00000270       0xf0 .\CortexM3\ARM_GCC_541\Debug\Bolddispenser_CoinMaster.a(UART.o)
 .debug_aranges
                0x00000360       0x80 .\CortexM3\ARM_GCC_541\Debug\Bolddispenser_CoinMaster.a(isr_uart_rx.o)
 .debug_aranges
                0x000003e0       0x80 .\CortexM3\ARM_GCC_541\Debug\Bolddispenser_CoinMaster.a(isr_detection.o)
 .debug_aranges
                0x00000460       0x28 .\CortexM3\ARM_GCC_541\Debug\Bolddispenser_CoinMaster.a(Motor_Reg_2.o)
 .debug_aranges
                0x00000488       0x88 .\CortexM3\ARM_GCC_541\Debug\Bolddispenser_CoinMaster.a(Motor_Timer.o)
 .debug_aranges
                0x00000510       0x80 .\CortexM3\ARM_GCC_541\Debug\Bolddispenser_CoinMaster.a(isr_timer.o)
 .debug_aranges
                0x00000590       0x38 .\CortexM3\ARM_GCC_541\Debug\Bolddispenser_CoinMaster.a(Interrupt.o)
 .debug_aranges
                0x000005c8       0x38 .\CortexM3\ARM_GCC_541\Debug\Bolddispenser_CoinMaster.a(I2C.o)
 .debug_aranges
                0x00000600       0x20 .\CortexM3\ARM_GCC_541\Debug\Bolddispenser_CoinMaster.a(I2C_INT.o)
 .debug_aranges
                0x00000620       0x68 .\CortexM3\ARM_GCC_541\Debug\Bolddispenser_CoinMaster.a(I2C_SLAVE.o)
 .debug_aranges
                0x00000688       0x40 .\CortexM3\ARM_GCC_541\Debug\Bolddispenser_CoinMaster.a(Sample_Hold_1.o)
 .debug_aranges
                0x000006c8       0xe8 .\CortexM3\ARM_GCC_541\Debug\Bolddispenser_CoinMaster.a(ADC_DelSig_1.o)
 .debug_aranges
                0x000007b0       0x38 .\CortexM3\ARM_GCC_541\Debug\Bolddispenser_CoinMaster.a(ADC_DelSig_1_INT.o)
 .debug_aranges
                0x000007e8       0x90 .\CortexM3\ARM_GCC_541\Debug\Bolddispenser_CoinMaster.a(PWM_1.o)
 .debug_aranges
                0x00000878       0x38 .\CortexM3\ARM_GCC_541\Debug\Bolddispenser_CoinMaster.a(pin_full.o)
 .debug_aranges
                0x000008b0       0x38 .\CortexM3\ARM_GCC_541\Debug\Bolddispenser_CoinMaster.a(pin_empty.o)
 .debug_aranges
                0x000008e8       0x28 .\CortexM3\ARM_GCC_541\Debug\Bolddispenser_CoinMaster.a(Motor_Reg_1.o)
 .debug_aranges
                0x00000910       0x70 .\CortexM3\ARM_GCC_541\Debug\Bolddispenser_CoinMaster.a(UART_IntClock.o)
 .debug_aranges
                0x00000980       0x30 .\CortexM3\ARM_GCC_541\Debug\Bolddispenser_CoinMaster.a(ADC_DelSig_1_AMux.o)
 .debug_aranges
                0x000009b0       0x70 .\CortexM3\ARM_GCC_541\Debug\Bolddispenser_CoinMaster.a(ADC_DelSig_1_Ext_CP_Clk.o)
 .debug_aranges
                0x00000a20       0x80 .\CortexM3\ARM_GCC_541\Debug\Bolddispenser_CoinMaster.a(ADC_DelSig_1_theACLK.o)
 .debug_aranges
                0x00000aa0      0x2a0 .\CortexM3\ARM_GCC_541\Debug\Bolddispenser_CoinMaster.a(CyLib.o)
 .debug_aranges
                0x00000d40       0x98 .\CortexM3\ARM_GCC_541\Debug\Bolddispenser_CoinMaster.a(cyPm.o)
 .debug_aranges
                0x00000dd8       0x20 .\CortexM3\ARM_GCC_541\Debug\Bolddispenser_CoinMaster.a(CyBootAsmGnu.o)
 .debug_aranges
                0x00000df8       0x88 .\CortexM3\ARM_GCC_541\Debug\Bolddispenser_CoinMaster.a(CyFlash.o)
 .debug_aranges
                0x00000e80       0x80 .\CortexM3\ARM_GCC_541\Debug\Bolddispenser_CoinMaster.a(CySpc.o)

.debug_pubnames
 *(.debug_pubnames)

.debug_info     0x00000000     0x7d51
 *(.debug_info .gnu.linkonce.wi.*)
 .debug_info    0x00000000      0x148 .\CortexM3\ARM_GCC_541\Debug\main.o
 .debug_info    0x00000148      0x2f1 .\CortexM3\ARM_GCC_541\Debug\Balldispenser.o
 .debug_info    0x00000439      0x31c .\CortexM3\ARM_GCC_541\Debug\CoinDetection.o
 .debug_info    0x00000755      0x537 .\CortexM3\ARM_GCC_541\Debug\MotorControl.o
 .debug_info    0x00000c8c      0x3e8 .\CortexM3\ARM_GCC_541\Debug\RPi_IF.o
 .debug_info    0x00001074      0x2d6 .\CortexM3\ARM_GCC_541\Debug\UART_debug.o
 .debug_info    0x0000134a      0x68e .\CortexM3\ARM_GCC_541\Debug\cyfitter_cfg.o
 .debug_info    0x000019d8      0x139 .\CortexM3\ARM_GCC_541\Debug\cymetadata.o
 .debug_info    0x00001b11      0x3bb .\CortexM3\ARM_GCC_541\Debug\Cm3Start.o
 .debug_info    0x00001ecc      0x60c .\CortexM3\ARM_GCC_541\Debug\Bolddispenser_CoinMaster.a(UART.o)
 .debug_info    0x000024d8      0x2d2 .\CortexM3\ARM_GCC_541\Debug\Bolddispenser_CoinMaster.a(isr_uart_rx.o)
 .debug_info    0x000027aa      0x2d2 .\CortexM3\ARM_GCC_541\Debug\Bolddispenser_CoinMaster.a(isr_detection.o)
 .debug_info    0x00002a7c       0xd6 .\CortexM3\ARM_GCC_541\Debug\Bolddispenser_CoinMaster.a(Motor_Reg_2.o)
 .debug_info    0x00002b52      0x293 .\CortexM3\ARM_GCC_541\Debug\Bolddispenser_CoinMaster.a(Motor_Timer.o)
 .debug_info    0x00002de5      0x2d2 .\CortexM3\ARM_GCC_541\Debug\Bolddispenser_CoinMaster.a(isr_timer.o)
 .debug_info    0x000030b7      0x11f .\CortexM3\ARM_GCC_541\Debug\Bolddispenser_CoinMaster.a(Interrupt.o)
 .debug_info    0x000031d6      0x257 .\CortexM3\ARM_GCC_541\Debug\Bolddispenser_CoinMaster.a(I2C.o)
 .debug_info    0x0000342d      0x158 .\CortexM3\ARM_GCC_541\Debug\Bolddispenser_CoinMaster.a(I2C_INT.o)
 .debug_info    0x00003585      0x290 .\CortexM3\ARM_GCC_541\Debug\Bolddispenser_CoinMaster.a(I2C_SLAVE.o)
 .debug_info    0x00003815      0x160 .\CortexM3\ARM_GCC_541\Debug\Bolddispenser_CoinMaster.a(Sample_Hold_1.o)
 .debug_info    0x00003975      0xa19 .\CortexM3\ARM_GCC_541\Debug\Bolddispenser_CoinMaster.a(ADC_DelSig_1.o)
 .debug_info    0x0000438e       0xd3 .\CortexM3\ARM_GCC_541\Debug\Bolddispenser_CoinMaster.a(ADC_DelSig_1_INT.o)
 .debug_info    0x00004461      0x2c6 .\CortexM3\ARM_GCC_541\Debug\Bolddispenser_CoinMaster.a(PWM_1.o)
 .debug_info    0x00004727      0x11f .\CortexM3\ARM_GCC_541\Debug\Bolddispenser_CoinMaster.a(pin_full.o)
 .debug_info    0x00004846      0x11f .\CortexM3\ARM_GCC_541\Debug\Bolddispenser_CoinMaster.a(pin_empty.o)
 .debug_info    0x00004965       0xd6 .\CortexM3\ARM_GCC_541\Debug\Bolddispenser_CoinMaster.a(Motor_Reg_1.o)
 .debug_info    0x00004a3b      0x283 .\CortexM3\ARM_GCC_541\Debug\Bolddispenser_CoinMaster.a(UART_IntClock.o)
 .debug_info    0x00004cbe      0x165 .\CortexM3\ARM_GCC_541\Debug\Bolddispenser_CoinMaster.a(ADC_DelSig_1_AMux.o)
 .debug_info    0x00004e23      0x283 .\CortexM3\ARM_GCC_541\Debug\Bolddispenser_CoinMaster.a(ADC_DelSig_1_Ext_CP_Clk.o)
 .debug_info    0x000050a6      0x2c4 .\CortexM3\ARM_GCC_541\Debug\Bolddispenser_CoinMaster.a(ADC_DelSig_1_theACLK.o)
 .debug_info    0x0000536a     0x1374 .\CortexM3\ARM_GCC_541\Debug\Bolddispenser_CoinMaster.a(CyLib.o)
 .debug_info    0x000066de      0xa2a .\CortexM3\ARM_GCC_541\Debug\Bolddispenser_CoinMaster.a(cyPm.o)
 .debug_info    0x00007108       0xac .\CortexM3\ARM_GCC_541\Debug\Bolddispenser_CoinMaster.a(CyBootAsmGnu.o)
 .debug_info    0x000071b4      0x64d .\CortexM3\ARM_GCC_541\Debug\Bolddispenser_CoinMaster.a(CyFlash.o)
 .debug_info    0x00007801      0x550 .\CortexM3\ARM_GCC_541\Debug\Bolddispenser_CoinMaster.a(CySpc.o)

.debug_abbrev   0x00000000     0x2624
 *(.debug_abbrev)
 .debug_abbrev  0x00000000       0x8a .\CortexM3\ARM_GCC_541\Debug\main.o
 .debug_abbrev  0x0000008a       0xf9 .\CortexM3\ARM_GCC_541\Debug\Balldispenser.o
 .debug_abbrev  0x00000183       0xd2 .\CortexM3\ARM_GCC_541\Debug\CoinDetection.o
 .debug_abbrev  0x00000255      0x158 .\CortexM3\ARM_GCC_541\Debug\MotorControl.o
 .debug_abbrev  0x000003ad      0x143 .\CortexM3\ARM_GCC_541\Debug\RPi_IF.o
 .debug_abbrev  0x000004f0       0xdf .\CortexM3\ARM_GCC_541\Debug\UART_debug.o
 .debug_abbrev  0x000005cf      0x22d .\CortexM3\ARM_GCC_541\Debug\cyfitter_cfg.o
 .debug_abbrev  0x000007fc       0x77 .\CortexM3\ARM_GCC_541\Debug\cymetadata.o
 .debug_abbrev  0x00000873      0x1e8 .\CortexM3\ARM_GCC_541\Debug\Cm3Start.o
 .debug_abbrev  0x00000a5b      0x175 .\CortexM3\ARM_GCC_541\Debug\Bolddispenser_CoinMaster.a(UART.o)
 .debug_abbrev  0x00000bd0      0x173 .\CortexM3\ARM_GCC_541\Debug\Bolddispenser_CoinMaster.a(isr_uart_rx.o)
 .debug_abbrev  0x00000d43      0x173 .\CortexM3\ARM_GCC_541\Debug\Bolddispenser_CoinMaster.a(isr_detection.o)
 .debug_abbrev  0x00000eb6       0x81 .\CortexM3\ARM_GCC_541\Debug\Bolddispenser_CoinMaster.a(Motor_Reg_2.o)
 .debug_abbrev  0x00000f37      0x11a .\CortexM3\ARM_GCC_541\Debug\Bolddispenser_CoinMaster.a(Motor_Timer.o)
 .debug_abbrev  0x00001051      0x173 .\CortexM3\ARM_GCC_541\Debug\Bolddispenser_CoinMaster.a(isr_timer.o)
 .debug_abbrev  0x000011c4       0x90 .\CortexM3\ARM_GCC_541\Debug\Bolddispenser_CoinMaster.a(Interrupt.o)
 .debug_abbrev  0x00001254       0xe1 .\CortexM3\ARM_GCC_541\Debug\Bolddispenser_CoinMaster.a(I2C.o)
 .debug_abbrev  0x00001335       0xa9 .\CortexM3\ARM_GCC_541\Debug\Bolddispenser_CoinMaster.a(I2C_INT.o)
 .debug_abbrev  0x000013de       0xf8 .\CortexM3\ARM_GCC_541\Debug\Bolddispenser_CoinMaster.a(I2C_SLAVE.o)
 .debug_abbrev  0x000014d6       0xc1 .\CortexM3\ARM_GCC_541\Debug\Bolddispenser_CoinMaster.a(Sample_Hold_1.o)
 .debug_abbrev  0x00001597      0x1eb .\CortexM3\ARM_GCC_541\Debug\Bolddispenser_CoinMaster.a(ADC_DelSig_1.o)
 .debug_abbrev  0x00001782       0x42 .\CortexM3\ARM_GCC_541\Debug\Bolddispenser_CoinMaster.a(ADC_DelSig_1_INT.o)
 .debug_abbrev  0x000017c4      0x12d .\CortexM3\ARM_GCC_541\Debug\Bolddispenser_CoinMaster.a(PWM_1.o)
 .debug_abbrev  0x000018f1       0x90 .\CortexM3\ARM_GCC_541\Debug\Bolddispenser_CoinMaster.a(pin_full.o)
 .debug_abbrev  0x00001981       0x90 .\CortexM3\ARM_GCC_541\Debug\Bolddispenser_CoinMaster.a(pin_empty.o)
 .debug_abbrev  0x00001a11       0x81 .\CortexM3\ARM_GCC_541\Debug\Bolddispenser_CoinMaster.a(Motor_Reg_1.o)
 .debug_abbrev  0x00001a92      0x139 .\CortexM3\ARM_GCC_541\Debug\Bolddispenser_CoinMaster.a(UART_IntClock.o)
 .debug_abbrev  0x00001bcb       0xb1 .\CortexM3\ARM_GCC_541\Debug\Bolddispenser_CoinMaster.a(ADC_DelSig_1_AMux.o)
 .debug_abbrev  0x00001c7c      0x139 .\CortexM3\ARM_GCC_541\Debug\Bolddispenser_CoinMaster.a(ADC_DelSig_1_Ext_CP_Clk.o)
 .debug_abbrev  0x00001db5      0x121 .\CortexM3\ARM_GCC_541\Debug\Bolddispenser_CoinMaster.a(ADC_DelSig_1_theACLK.o)
 .debug_abbrev  0x00001ed6      0x254 .\CortexM3\ARM_GCC_541\Debug\Bolddispenser_CoinMaster.a(CyLib.o)
 .debug_abbrev  0x0000212a      0x1ab .\CortexM3\ARM_GCC_541\Debug\Bolddispenser_CoinMaster.a(cyPm.o)
 .debug_abbrev  0x000022d5       0x14 .\CortexM3\ARM_GCC_541\Debug\Bolddispenser_CoinMaster.a(CyBootAsmGnu.o)
 .debug_abbrev  0x000022e9      0x1a7 .\CortexM3\ARM_GCC_541\Debug\Bolddispenser_CoinMaster.a(CyFlash.o)
 .debug_abbrev  0x00002490      0x194 .\CortexM3\ARM_GCC_541\Debug\Bolddispenser_CoinMaster.a(CySpc.o)

.debug_line     0x00000000     0x3c00
 *(.debug_line)
 .debug_line    0x00000000      0x1b7 .\CortexM3\ARM_GCC_541\Debug\main.o
 .debug_line    0x000001b7      0x23d .\CortexM3\ARM_GCC_541\Debug\Balldispenser.o
 .debug_line    0x000003f4      0x243 .\CortexM3\ARM_GCC_541\Debug\CoinDetection.o
 .debug_line    0x00000637      0x313 .\CortexM3\ARM_GCC_541\Debug\MotorControl.o
 .debug_line    0x0000094a      0x243 .\CortexM3\ARM_GCC_541\Debug\RPi_IF.o
 .debug_line    0x00000b8d      0x1f6 .\CortexM3\ARM_GCC_541\Debug\UART_debug.o
 .debug_line    0x00000d83      0x22b .\CortexM3\ARM_GCC_541\Debug\cyfitter_cfg.o
 .debug_line    0x00000fae      0x141 .\CortexM3\ARM_GCC_541\Debug\cymetadata.o
 .debug_line    0x000010ef      0x234 .\CortexM3\ARM_GCC_541\Debug\Cm3Start.o
 .debug_line    0x00001323      0x2bc .\CortexM3\ARM_GCC_541\Debug\Bolddispenser_CoinMaster.a(UART.o)
 .debug_line    0x000015df      0x138 .\CortexM3\ARM_GCC_541\Debug\Bolddispenser_CoinMaster.a(isr_uart_rx.o)
 .debug_line    0x00001717      0x13a .\CortexM3\ARM_GCC_541\Debug\Bolddispenser_CoinMaster.a(isr_detection.o)
 .debug_line    0x00001851       0x73 .\CortexM3\ARM_GCC_541\Debug\Bolddispenser_CoinMaster.a(Motor_Reg_2.o)
 .debug_line    0x000018c4      0x159 .\CortexM3\ARM_GCC_541\Debug\Bolddispenser_CoinMaster.a(Motor_Timer.o)
 .debug_line    0x00001a1d      0x136 .\CortexM3\ARM_GCC_541\Debug\Bolddispenser_CoinMaster.a(isr_timer.o)
 .debug_line    0x00001b53       0x96 .\CortexM3\ARM_GCC_541\Debug\Bolddispenser_CoinMaster.a(Interrupt.o)
 .debug_line    0x00001be9       0xd3 .\CortexM3\ARM_GCC_541\Debug\Bolddispenser_CoinMaster.a(I2C.o)
 .debug_line    0x00001cbc       0xc1 .\CortexM3\ARM_GCC_541\Debug\Bolddispenser_CoinMaster.a(I2C_INT.o)
 .debug_line    0x00001d7d      0x10e .\CortexM3\ARM_GCC_541\Debug\Bolddispenser_CoinMaster.a(I2C_SLAVE.o)
 .debug_line    0x00001e8b       0xb9 .\CortexM3\ARM_GCC_541\Debug\Bolddispenser_CoinMaster.a(Sample_Hold_1.o)
 .debug_line    0x00001f44      0x37d .\CortexM3\ARM_GCC_541\Debug\Bolddispenser_CoinMaster.a(ADC_DelSig_1.o)
 .debug_line    0x000022c1       0x89 .\CortexM3\ARM_GCC_541\Debug\Bolddispenser_CoinMaster.a(ADC_DelSig_1_INT.o)
 .debug_line    0x0000234a      0x15e .\CortexM3\ARM_GCC_541\Debug\Bolddispenser_CoinMaster.a(PWM_1.o)
 .debug_line    0x000024a8       0x95 .\CortexM3\ARM_GCC_541\Debug\Bolddispenser_CoinMaster.a(pin_full.o)
 .debug_line    0x0000253d       0x96 .\CortexM3\ARM_GCC_541\Debug\Bolddispenser_CoinMaster.a(pin_empty.o)
 .debug_line    0x000025d3       0x73 .\CortexM3\ARM_GCC_541\Debug\Bolddispenser_CoinMaster.a(Motor_Reg_1.o)
 .debug_line    0x00002646      0x17c .\CortexM3\ARM_GCC_541\Debug\Bolddispenser_CoinMaster.a(UART_IntClock.o)
 .debug_line    0x000027c2       0xb5 .\CortexM3\ARM_GCC_541\Debug\Bolddispenser_CoinMaster.a(ADC_DelSig_1_AMux.o)
 .debug_line    0x00002877      0x186 .\CortexM3\ARM_GCC_541\Debug\Bolddispenser_CoinMaster.a(ADC_DelSig_1_Ext_CP_Clk.o)
 .debug_line    0x000029fd      0x1a6 .\CortexM3\ARM_GCC_541\Debug\Bolddispenser_CoinMaster.a(ADC_DelSig_1_theACLK.o)
 .debug_line    0x00002ba3      0x816 .\CortexM3\ARM_GCC_541\Debug\Bolddispenser_CoinMaster.a(CyLib.o)
 .debug_line    0x000033b9      0x367 .\CortexM3\ARM_GCC_541\Debug\Bolddispenser_CoinMaster.a(cyPm.o)
 .debug_line    0x00003720       0x66 .\CortexM3\ARM_GCC_541\Debug\Bolddispenser_CoinMaster.a(CyBootAsmGnu.o)
 .debug_line    0x00003786      0x21a .\CortexM3\ARM_GCC_541\Debug\Bolddispenser_CoinMaster.a(CyFlash.o)
 .debug_line    0x000039a0      0x260 .\CortexM3\ARM_GCC_541\Debug\Bolddispenser_CoinMaster.a(CySpc.o)

.debug_frame    0x00000000     0x2378
 *(.debug_frame)
 .debug_frame   0x00000000       0x2c .\CortexM3\ARM_GCC_541\Debug\main.o
 .debug_frame   0x0000002c       0x80 .\CortexM3\ARM_GCC_541\Debug\Balldispenser.o
 .debug_frame   0x000000ac       0xf0 .\CortexM3\ARM_GCC_541\Debug\CoinDetection.o
 .debug_frame   0x0000019c      0x154 .\CortexM3\ARM_GCC_541\Debug\MotorControl.o
 .debug_frame   0x000002f0       0xb0 .\CortexM3\ARM_GCC_541\Debug\RPi_IF.o
 .debug_frame   0x000003a0       0x80 .\CortexM3\ARM_GCC_541\Debug\UART_debug.o
 .debug_frame   0x00000420      0x104 .\CortexM3\ARM_GCC_541\Debug\cyfitter_cfg.o
 .debug_frame   0x00000524       0xb8 .\CortexM3\ARM_GCC_541\Debug\Cm3Start.o
 .debug_frame   0x000005dc      0x250 .\CortexM3\ARM_GCC_541\Debug\Bolddispenser_CoinMaster.a(UART.o)
 .debug_frame   0x0000082c      0x104 .\CortexM3\ARM_GCC_541\Debug\Bolddispenser_CoinMaster.a(isr_uart_rx.o)
 .debug_frame   0x00000930      0x104 .\CortexM3\ARM_GCC_541\Debug\Bolddispenser_CoinMaster.a(isr_detection.o)
 .debug_frame   0x00000a34       0x30 .\CortexM3\ARM_GCC_541\Debug\Bolddispenser_CoinMaster.a(Motor_Reg_2.o)
 .debug_frame   0x00000a64      0x108 .\CortexM3\ARM_GCC_541\Debug\Bolddispenser_CoinMaster.a(Motor_Timer.o)
 .debug_frame   0x00000b6c      0x104 .\CortexM3\ARM_GCC_541\Debug\Bolddispenser_CoinMaster.a(isr_timer.o)
 .debug_frame   0x00000c70       0x50 .\CortexM3\ARM_GCC_541\Debug\Bolddispenser_CoinMaster.a(Interrupt.o)
 .debug_frame   0x00000cc0       0x84 .\CortexM3\ARM_GCC_541\Debug\Bolddispenser_CoinMaster.a(I2C.o)
 .debug_frame   0x00000d44       0x2c .\CortexM3\ARM_GCC_541\Debug\Bolddispenser_CoinMaster.a(I2C_INT.o)
 .debug_frame   0x00000d70       0xb0 .\CortexM3\ARM_GCC_541\Debug\Bolddispenser_CoinMaster.a(I2C_SLAVE.o)
 .debug_frame   0x00000e20       0x78 .\CortexM3\ARM_GCC_541\Debug\Bolddispenser_CoinMaster.a(Sample_Hold_1.o)
 .debug_frame   0x00000e98      0x284 .\CortexM3\ARM_GCC_541\Debug\Bolddispenser_CoinMaster.a(ADC_DelSig_1.o)
 .debug_frame   0x0000111c       0x50 .\CortexM3\ARM_GCC_541\Debug\Bolddispenser_CoinMaster.a(ADC_DelSig_1_INT.o)
 .debug_frame   0x0000116c      0x118 .\CortexM3\ARM_GCC_541\Debug\Bolddispenser_CoinMaster.a(PWM_1.o)
 .debug_frame   0x00001284       0x50 .\CortexM3\ARM_GCC_541\Debug\Bolddispenser_CoinMaster.a(pin_full.o)
 .debug_frame   0x000012d4       0x50 .\CortexM3\ARM_GCC_541\Debug\Bolddispenser_CoinMaster.a(pin_empty.o)
 .debug_frame   0x00001324       0x30 .\CortexM3\ARM_GCC_541\Debug\Bolddispenser_CoinMaster.a(Motor_Reg_1.o)
 .debug_frame   0x00001354       0xe0 .\CortexM3\ARM_GCC_541\Debug\Bolddispenser_CoinMaster.a(UART_IntClock.o)
 .debug_frame   0x00001434       0x64 .\CortexM3\ARM_GCC_541\Debug\Bolddispenser_CoinMaster.a(ADC_DelSig_1_AMux.o)
 .debug_frame   0x00001498       0xe0 .\CortexM3\ARM_GCC_541\Debug\Bolddispenser_CoinMaster.a(ADC_DelSig_1_Ext_CP_Clk.o)
 .debug_frame   0x00001578      0x100 .\CortexM3\ARM_GCC_541\Debug\Bolddispenser_CoinMaster.a(ADC_DelSig_1_theACLK.o)
 .debug_frame   0x00001678      0x738 .\CortexM3\ARM_GCC_541\Debug\Bolddispenser_CoinMaster.a(CyLib.o)
 .debug_frame   0x00001db0      0x1f8 .\CortexM3\ARM_GCC_541\Debug\Bolddispenser_CoinMaster.a(cyPm.o)
 .debug_frame   0x00001fa8      0x194 .\CortexM3\ARM_GCC_541\Debug\Bolddispenser_CoinMaster.a(CyFlash.o)
 .debug_frame   0x0000213c      0x180 .\CortexM3\ARM_GCC_541\Debug\Bolddispenser_CoinMaster.a(CySpc.o)
 .debug_frame   0x000022bc       0x20 c:/program files (x86)/cypress/psoc creator/4.2/psoc creator/import/gnu/arm/5.4.1/bin/../lib/gcc/arm-none-eabi/5.4.1/../../../../arm-none-eabi/lib/armv7-m\libg_nano.a(lib_a-errno.o)
 .debug_frame   0x000022dc       0x28 c:/program files (x86)/cypress/psoc creator/4.2/psoc creator/import/gnu/arm/5.4.1/bin/../lib/gcc/arm-none-eabi/5.4.1/../../../../arm-none-eabi/lib/armv7-m\libg_nano.a(lib_a-exit.o)
 .debug_frame   0x00002304       0x2c c:/program files (x86)/cypress/psoc creator/4.2/psoc creator/import/gnu/arm/5.4.1/bin/../lib/gcc/arm-none-eabi/5.4.1/../../../../arm-none-eabi/lib/armv7-m\libg_nano.a(lib_a-init.o)
 .debug_frame   0x00002330       0x28 c:/program files (x86)/cypress/psoc creator/4.2/psoc creator/import/gnu/arm/5.4.1/bin/../lib/gcc/arm-none-eabi/5.4.1/../../../../arm-none-eabi/lib/armv7-m\libg_nano.a(lib_a-memcpy-stub.o)
 .debug_frame   0x00002358       0x20 c:/program files (x86)/cypress/psoc creator/4.2/psoc creator/import/gnu/arm/5.4.1/bin/../lib/gcc/arm-none-eabi/5.4.1/../../../../arm-none-eabi/lib/armv7-m\libg_nano.a(lib_a-memset.o)

.debug_str      0x00000000     0x2ec4
 *(.debug_str)
 .debug_str     0x00000000      0x1d5 .\CortexM3\ARM_GCC_541\Debug\main.o
                                0x21d (size before relaxing)
 .debug_str     0x000001d5      0x105 .\CortexM3\ARM_GCC_541\Debug\Balldispenser.o
                                0x2de (size before relaxing)
 .debug_str     0x000002da      0x11e .\CortexM3\ARM_GCC_541\Debug\CoinDetection.o
                                0x310 (size before relaxing)
 .debug_str     0x000003f8      0x10e .\CortexM3\ARM_GCC_541\Debug\MotorControl.o
                                0x334 (size before relaxing)
 .debug_str     0x00000506       0xff .\CortexM3\ARM_GCC_541\Debug\RPi_IF.o
                                0x341 (size before relaxing)
 .debug_str     0x00000605       0x7b .\CortexM3\ARM_GCC_541\Debug\UART_debug.o
                                0x288 (size before relaxing)
 .debug_str     0x00000680      0x212 .\CortexM3\ARM_GCC_541\Debug\cyfitter_cfg.o
                                0x3d0 (size before relaxing)
 .debug_str     0x00000892       0x75 .\CortexM3\ARM_GCC_541\Debug\cymetadata.o
                                0x200 (size before relaxing)
 .debug_str     0x00000907      0x139 .\CortexM3\ARM_GCC_541\Debug\Cm3Start.o
                                0x326 (size before relaxing)
 .debug_str     0x00000a40      0x2a0 .\CortexM3\ARM_GCC_541\Debug\Bolddispenser_CoinMaster.a(UART.o)
                                0x491 (size before relaxing)
 .debug_str     0x00000ce0      0x13e .\CortexM3\ARM_GCC_541\Debug\Bolddispenser_CoinMaster.a(isr_uart_rx.o)
                                0x316 (size before relaxing)
 .debug_str     0x00000e1e       0xfa .\CortexM3\ARM_GCC_541\Debug\Bolddispenser_CoinMaster.a(isr_detection.o)
                                0x332 (size before relaxing)
 .debug_str     0x00000f18       0x36 .\CortexM3\ARM_GCC_541\Debug\Bolddispenser_CoinMaster.a(Motor_Reg_2.o)
                                0x1dd (size before relaxing)
 .debug_str     0x00000f4e      0x1a8 .\CortexM3\ARM_GCC_541\Debug\Bolddispenser_CoinMaster.a(Motor_Timer.o)
                                0x371 (size before relaxing)
 .debug_str     0x000010f6       0xfb .\CortexM3\ARM_GCC_541\Debug\Bolddispenser_CoinMaster.a(isr_timer.o)
                                0x2fa (size before relaxing)
 .debug_str     0x000011f1       0x6a .\CortexM3\ARM_GCC_541\Debug\Bolddispenser_CoinMaster.a(Interrupt.o)
                                0x212 (size before relaxing)
 .debug_str     0x0000125b       0xbc .\CortexM3\ARM_GCC_541\Debug\Bolddispenser_CoinMaster.a(I2C.o)
                                0x2a2 (size before relaxing)
 .debug_str     0x00001317       0x73 .\CortexM3\ARM_GCC_541\Debug\Bolddispenser_CoinMaster.a(I2C_INT.o)
                                0x255 (size before relaxing)
 .debug_str     0x0000138a       0x8f .\CortexM3\ARM_GCC_541\Debug\Bolddispenser_CoinMaster.a(I2C_SLAVE.o)
                                0x342 (size before relaxing)
 .debug_str     0x00001419       0x9b .\CortexM3\ARM_GCC_541\Debug\Bolddispenser_CoinMaster.a(Sample_Hold_1.o)
                                0x251 (size before relaxing)
 .debug_str     0x000014b4      0x4a2 .\CortexM3\ARM_GCC_541\Debug\Bolddispenser_CoinMaster.a(ADC_DelSig_1.o)
                                0x756 (size before relaxing)
 .debug_str     0x00001956       0x72 .\CortexM3\ARM_GCC_541\Debug\Bolddispenser_CoinMaster.a(ADC_DelSig_1_INT.o)
                                0x209 (size before relaxing)
 .debug_str     0x000019c8      0x13a .\CortexM3\ARM_GCC_541\Debug\Bolddispenser_CoinMaster.a(PWM_1.o)
                                0x306 (size before relaxing)
 .debug_str     0x00001b02       0x5b .\CortexM3\ARM_GCC_541\Debug\Bolddispenser_CoinMaster.a(pin_full.o)
                                0x20d (size before relaxing)
 .debug_str     0x00001b5d       0x5f .\CortexM3\ARM_GCC_541\Debug\Bolddispenser_CoinMaster.a(pin_empty.o)
                                0x212 (size before relaxing)
 .debug_str     0x00001bbc       0x36 .\CortexM3\ARM_GCC_541\Debug\Bolddispenser_CoinMaster.a(Motor_Reg_1.o)
                                0x1dd (size before relaxing)
 .debug_str     0x00001bf2      0x17b .\CortexM3\ARM_GCC_541\Debug\Bolddispenser_CoinMaster.a(UART_IntClock.o)
                                0x352 (size before relaxing)
 .debug_str     0x00001d6d       0x83 .\CortexM3\ARM_GCC_541\Debug\Bolddispenser_CoinMaster.a(ADC_DelSig_1_AMux.o)
                                0x25a (size before relaxing)
 .debug_str     0x00001df0      0x184 .\CortexM3\ARM_GCC_541\Debug\Bolddispenser_CoinMaster.a(ADC_DelSig_1_Ext_CP_Clk.o)
                                0x3ca (size before relaxing)
 .debug_str     0x00001f74      0x1bb .\CortexM3\ARM_GCC_541\Debug\Bolddispenser_CoinMaster.a(ADC_DelSig_1_theACLK.o)
                                0x3fb (size before relaxing)
 .debug_str     0x0000212f      0x7c9 .\CortexM3\ARM_GCC_541\Debug\Bolddispenser_CoinMaster.a(CyLib.o)
                                0xa63 (size before relaxing)
 .debug_str     0x000028f8      0x365 .\CortexM3\ARM_GCC_541\Debug\Bolddispenser_CoinMaster.a(cyPm.o)
                                0x74f (size before relaxing)
 .debug_str     0x00002c5d      0x1bb .\CortexM3\ARM_GCC_541\Debug\Bolddispenser_CoinMaster.a(CyFlash.o)
                                0x3dc (size before relaxing)
 .debug_str     0x00002e18       0xac .\CortexM3\ARM_GCC_541\Debug\Bolddispenser_CoinMaster.a(CySpc.o)
                                0x354 (size before relaxing)

.debug_loc      0x00000000     0x2e81
 *(.debug_loc)
 .debug_loc     0x00000000       0x40 .\CortexM3\ARM_GCC_541\Debug\Balldispenser.o
 .debug_loc     0x00000040      0x228 .\CortexM3\ARM_GCC_541\Debug\MotorControl.o
 .debug_loc     0x00000268       0x88 .\CortexM3\ARM_GCC_541\Debug\RPi_IF.o
 .debug_loc     0x000002f0       0x34 .\CortexM3\ARM_GCC_541\Debug\UART_debug.o
 .debug_loc     0x00000324      0x29b .\CortexM3\ARM_GCC_541\Debug\cyfitter_cfg.o
 .debug_loc     0x000005bf      0x144 .\CortexM3\ARM_GCC_541\Debug\Cm3Start.o
 .debug_loc     0x00000703      0x258 .\CortexM3\ARM_GCC_541\Debug\Bolddispenser_CoinMaster.a(UART.o)
 .debug_loc     0x0000095b       0x56 .\CortexM3\ARM_GCC_541\Debug\Bolddispenser_CoinMaster.a(isr_uart_rx.o)
 .debug_loc     0x000009b1       0x56 .\CortexM3\ARM_GCC_541\Debug\Bolddispenser_CoinMaster.a(isr_detection.o)
 .debug_loc     0x00000a07       0x56 .\CortexM3\ARM_GCC_541\Debug\Bolddispenser_CoinMaster.a(isr_timer.o)
 .debug_loc     0x00000a5d       0x42 .\CortexM3\ARM_GCC_541\Debug\Bolddispenser_CoinMaster.a(Interrupt.o)
 .debug_loc     0x00000a9f       0x39 .\CortexM3\ARM_GCC_541\Debug\Bolddispenser_CoinMaster.a(I2C.o)
 .debug_loc     0x00000ad8       0x68 .\CortexM3\ARM_GCC_541\Debug\Bolddispenser_CoinMaster.a(I2C_INT.o)
 .debug_loc     0x00000b40      0x126 .\CortexM3\ARM_GCC_541\Debug\Bolddispenser_CoinMaster.a(I2C_SLAVE.o)
 .debug_loc     0x00000c66       0x3f .\CortexM3\ARM_GCC_541\Debug\Bolddispenser_CoinMaster.a(Sample_Hold_1.o)
 .debug_loc     0x00000ca5      0x68c .\CortexM3\ARM_GCC_541\Debug\Bolddispenser_CoinMaster.a(ADC_DelSig_1.o)
 .debug_loc     0x00001331       0x13 .\CortexM3\ARM_GCC_541\Debug\Bolddispenser_CoinMaster.a(PWM_1.o)
 .debug_loc     0x00001344       0x42 .\CortexM3\ARM_GCC_541\Debug\Bolddispenser_CoinMaster.a(pin_full.o)
 .debug_loc     0x00001386       0x42 .\CortexM3\ARM_GCC_541\Debug\Bolddispenser_CoinMaster.a(pin_empty.o)
 .debug_loc     0x000013c8      0x128 .\CortexM3\ARM_GCC_541\Debug\Bolddispenser_CoinMaster.a(UART_IntClock.o)
 .debug_loc     0x000014f0       0x6c .\CortexM3\ARM_GCC_541\Debug\Bolddispenser_CoinMaster.a(ADC_DelSig_1_AMux.o)
 .debug_loc     0x0000155c      0x12c .\CortexM3\ARM_GCC_541\Debug\Bolddispenser_CoinMaster.a(ADC_DelSig_1_Ext_CP_Clk.o)
 .debug_loc     0x00001688      0x14d .\CortexM3\ARM_GCC_541\Debug\Bolddispenser_CoinMaster.a(ADC_DelSig_1_theACLK.o)
 .debug_loc     0x000017d5      0xa11 .\CortexM3\ARM_GCC_541\Debug\Bolddispenser_CoinMaster.a(CyLib.o)
 .debug_loc     0x000021e6      0x1e4 .\CortexM3\ARM_GCC_541\Debug\Bolddispenser_CoinMaster.a(cyPm.o)
 .debug_loc     0x000023ca      0x3b2 .\CortexM3\ARM_GCC_541\Debug\Bolddispenser_CoinMaster.a(CyFlash.o)
 .debug_loc     0x0000277c      0x705 .\CortexM3\ARM_GCC_541\Debug\Bolddispenser_CoinMaster.a(CySpc.o)

.debug_macinfo
 *(.debug_macinfo)

.debug_ranges   0x00000000      0xcb8
 *(.debug_ranges)
 .debug_ranges  0x00000000       0x10 .\CortexM3\ARM_GCC_541\Debug\main.o
 .debug_ranges  0x00000010       0x28 .\CortexM3\ARM_GCC_541\Debug\Balldispenser.o
 .debug_ranges  0x00000038       0x48 .\CortexM3\ARM_GCC_541\Debug\CoinDetection.o
 .debug_ranges  0x00000080       0x68 .\CortexM3\ARM_GCC_541\Debug\MotorControl.o
 .debug_ranges  0x000000e8       0x38 .\CortexM3\ARM_GCC_541\Debug\RPi_IF.o
 .debug_ranges  0x00000120       0x28 .\CortexM3\ARM_GCC_541\Debug\UART_debug.o
 .debug_ranges  0x00000148       0x58 .\CortexM3\ARM_GCC_541\Debug\cyfitter_cfg.o
 .debug_ranges  0x000001a0       0x38 .\CortexM3\ARM_GCC_541\Debug\Cm3Start.o
 .debug_ranges  0x000001d8       0xe0 .\CortexM3\ARM_GCC_541\Debug\Bolddispenser_CoinMaster.a(UART.o)
 .debug_ranges  0x000002b8       0x70 .\CortexM3\ARM_GCC_541\Debug\Bolddispenser_CoinMaster.a(isr_uart_rx.o)
 .debug_ranges  0x00000328       0x70 .\CortexM3\ARM_GCC_541\Debug\Bolddispenser_CoinMaster.a(isr_detection.o)
 .debug_ranges  0x00000398       0x18 .\CortexM3\ARM_GCC_541\Debug\Bolddispenser_CoinMaster.a(Motor_Reg_2.o)
 .debug_ranges  0x000003b0       0x78 .\CortexM3\ARM_GCC_541\Debug\Bolddispenser_CoinMaster.a(Motor_Timer.o)
 .debug_ranges  0x00000428       0x70 .\CortexM3\ARM_GCC_541\Debug\Bolddispenser_CoinMaster.a(isr_timer.o)
 .debug_ranges  0x00000498       0x28 .\CortexM3\ARM_GCC_541\Debug\Bolddispenser_CoinMaster.a(Interrupt.o)
 .debug_ranges  0x000004c0       0x28 .\CortexM3\ARM_GCC_541\Debug\Bolddispenser_CoinMaster.a(I2C.o)
 .debug_ranges  0x000004e8       0x10 .\CortexM3\ARM_GCC_541\Debug\Bolddispenser_CoinMaster.a(I2C_INT.o)
 .debug_ranges  0x000004f8       0x58 .\CortexM3\ARM_GCC_541\Debug\Bolddispenser_CoinMaster.a(I2C_SLAVE.o)
 .debug_ranges  0x00000550       0x30 .\CortexM3\ARM_GCC_541\Debug\Bolddispenser_CoinMaster.a(Sample_Hold_1.o)
 .debug_ranges  0x00000580       0xd8 .\CortexM3\ARM_GCC_541\Debug\Bolddispenser_CoinMaster.a(ADC_DelSig_1.o)
 .debug_ranges  0x00000658       0x28 .\CortexM3\ARM_GCC_541\Debug\Bolddispenser_CoinMaster.a(ADC_DelSig_1_INT.o)
 .debug_ranges  0x00000680       0x80 .\CortexM3\ARM_GCC_541\Debug\Bolddispenser_CoinMaster.a(PWM_1.o)
 .debug_ranges  0x00000700       0x28 .\CortexM3\ARM_GCC_541\Debug\Bolddispenser_CoinMaster.a(pin_full.o)
 .debug_ranges  0x00000728       0x28 .\CortexM3\ARM_GCC_541\Debug\Bolddispenser_CoinMaster.a(pin_empty.o)
 .debug_ranges  0x00000750       0x18 .\CortexM3\ARM_GCC_541\Debug\Bolddispenser_CoinMaster.a(Motor_Reg_1.o)
 .debug_ranges  0x00000768       0x60 .\CortexM3\ARM_GCC_541\Debug\Bolddispenser_CoinMaster.a(UART_IntClock.o)
 .debug_ranges  0x000007c8       0x20 .\CortexM3\ARM_GCC_541\Debug\Bolddispenser_CoinMaster.a(ADC_DelSig_1_AMux.o)
 .debug_ranges  0x000007e8       0x60 .\CortexM3\ARM_GCC_541\Debug\Bolddispenser_CoinMaster.a(ADC_DelSig_1_Ext_CP_Clk.o)
 .debug_ranges  0x00000848       0x70 .\CortexM3\ARM_GCC_541\Debug\Bolddispenser_CoinMaster.a(ADC_DelSig_1_theACLK.o)
 .debug_ranges  0x000008b8      0x290 .\CortexM3\ARM_GCC_541\Debug\Bolddispenser_CoinMaster.a(CyLib.o)
 .debug_ranges  0x00000b48       0x88 .\CortexM3\ARM_GCC_541\Debug\Bolddispenser_CoinMaster.a(cyPm.o)
 .debug_ranges  0x00000bd0       0x78 .\CortexM3\ARM_GCC_541\Debug\Bolddispenser_CoinMaster.a(CyFlash.o)
 .debug_ranges  0x00000c48       0x70 .\CortexM3\ARM_GCC_541\Debug\Bolddispenser_CoinMaster.a(CySpc.o)

.comment        0x00000000       0x6e
 .comment       0x00000000       0x6e .\CortexM3\ARM_GCC_541\Debug\main.o
                                 0x6f (size before relaxing)
 .comment       0x0000006e       0x6f .\CortexM3\ARM_GCC_541\Debug\Balldispenser.o
 .comment       0x0000006e       0x6f .\CortexM3\ARM_GCC_541\Debug\CoinDetection.o
 .comment       0x0000006e       0x6f .\CortexM3\ARM_GCC_541\Debug\MotorControl.o
 .comment       0x0000006e       0x6f .\CortexM3\ARM_GCC_541\Debug\RPi_IF.o
 .comment       0x0000006e       0x6f .\CortexM3\ARM_GCC_541\Debug\UART_debug.o
 .comment       0x0000006e       0x6f .\CortexM3\ARM_GCC_541\Debug\cyfitter_cfg.o
 .comment       0x0000006e       0x6f .\CortexM3\ARM_GCC_541\Debug\cymetadata.o
 .comment       0x0000006e       0x6f .\CortexM3\ARM_GCC_541\Debug\Cm3Start.o
 .comment       0x0000006e       0x6f .\CortexM3\ARM_GCC_541\Debug\Bolddispenser_CoinMaster.a(UART.o)
 .comment       0x0000006e       0x6f .\CortexM3\ARM_GCC_541\Debug\Bolddispenser_CoinMaster.a(isr_uart_rx.o)
 .comment       0x0000006e       0x6f .\CortexM3\ARM_GCC_541\Debug\Bolddispenser_CoinMaster.a(isr_detection.o)
 .comment       0x0000006e       0x6f .\CortexM3\ARM_GCC_541\Debug\Bolddispenser_CoinMaster.a(Motor_Reg_2.o)
 .comment       0x0000006e       0x6f .\CortexM3\ARM_GCC_541\Debug\Bolddispenser_CoinMaster.a(Motor_Timer.o)
 .comment       0x0000006e       0x6f .\CortexM3\ARM_GCC_541\Debug\Bolddispenser_CoinMaster.a(isr_timer.o)
 .comment       0x0000006e       0x6f .\CortexM3\ARM_GCC_541\Debug\Bolddispenser_CoinMaster.a(Interrupt.o)
 .comment       0x0000006e       0x6f .\CortexM3\ARM_GCC_541\Debug\Bolddispenser_CoinMaster.a(I2C.o)
 .comment       0x0000006e       0x6f .\CortexM3\ARM_GCC_541\Debug\Bolddispenser_CoinMaster.a(I2C_INT.o)
 .comment       0x0000006e       0x6f .\CortexM3\ARM_GCC_541\Debug\Bolddispenser_CoinMaster.a(I2C_SLAVE.o)
 .comment       0x0000006e       0x6f .\CortexM3\ARM_GCC_541\Debug\Bolddispenser_CoinMaster.a(Sample_Hold_1.o)
 .comment       0x0000006e       0x6f .\CortexM3\ARM_GCC_541\Debug\Bolddispenser_CoinMaster.a(ADC_DelSig_1.o)
 .comment       0x0000006e       0x6f .\CortexM3\ARM_GCC_541\Debug\Bolddispenser_CoinMaster.a(ADC_DelSig_1_INT.o)
 .comment       0x0000006e       0x6f .\CortexM3\ARM_GCC_541\Debug\Bolddispenser_CoinMaster.a(PWM_1.o)
 .comment       0x0000006e       0x6f .\CortexM3\ARM_GCC_541\Debug\Bolddispenser_CoinMaster.a(pin_full.o)
 .comment       0x0000006e       0x6f .\CortexM3\ARM_GCC_541\Debug\Bolddispenser_CoinMaster.a(pin_empty.o)
 .comment       0x0000006e       0x6f .\CortexM3\ARM_GCC_541\Debug\Bolddispenser_CoinMaster.a(Motor_Reg_1.o)
 .comment       0x0000006e       0x6f .\CortexM3\ARM_GCC_541\Debug\Bolddispenser_CoinMaster.a(UART_IntClock.o)
 .comment       0x0000006e       0x6f .\CortexM3\ARM_GCC_541\Debug\Bolddispenser_CoinMaster.a(ADC_DelSig_1_AMux.o)
 .comment       0x0000006e       0x6f .\CortexM3\ARM_GCC_541\Debug\Bolddispenser_CoinMaster.a(ADC_DelSig_1_Ext_CP_Clk.o)
 .comment       0x0000006e       0x6f .\CortexM3\ARM_GCC_541\Debug\Bolddispenser_CoinMaster.a(ADC_DelSig_1_theACLK.o)
 .comment       0x0000006e       0x6f .\CortexM3\ARM_GCC_541\Debug\Bolddispenser_CoinMaster.a(CyLib.o)
 .comment       0x0000006e       0x6f .\CortexM3\ARM_GCC_541\Debug\Bolddispenser_CoinMaster.a(cyPm.o)
 .comment       0x0000006e       0x6f .\CortexM3\ARM_GCC_541\Debug\Bolddispenser_CoinMaster.a(CyFlash.o)
 .comment       0x0000006e       0x6f .\CortexM3\ARM_GCC_541\Debug\Bolddispenser_CoinMaster.a(CySpc.o)

.debug_weaknames
 *(.debug_weaknames)

.debug_funcnames
 *(.debug_funcnames)

.debug_typenames
 *(.debug_typenames)

.debug_varnames
 *(.debug_varnames)

.note.gnu.arm.ident
 *(.note.gnu.arm.ident)

.ARM.attributes
                0x00000000       0x29
 *(.ARM.attributes)
 .ARM.attributes
                0x00000000       0x1d c:/program files (x86)/cypress/psoc creator/4.2/psoc creator/import/gnu/arm/5.4.1/bin/../lib/gcc/arm-none-eabi/5.4.1/armv7-m/crti.o
 .ARM.attributes
                0x0000001d       0x2d c:/program files (x86)/cypress/psoc creator/4.2/psoc creator/import/gnu/arm/5.4.1/bin/../lib/gcc/arm-none-eabi/5.4.1/armv7-m/crtbegin.o
 .ARM.attributes
                0x0000004a       0x1b c:/program files (x86)/cypress/psoc creator/4.2/psoc creator/import/gnu/arm/5.4.1/bin/../lib/gcc/arm-none-eabi/5.4.1/../../../../arm-none-eabi/lib/armv7-m/crt0.o
 .ARM.attributes
                0x00000065       0x33 .\CortexM3\ARM_GCC_541\Debug\main.o
 .ARM.attributes
                0x00000098       0x33 .\CortexM3\ARM_GCC_541\Debug\Balldispenser.o
 .ARM.attributes
                0x000000cb       0x33 .\CortexM3\ARM_GCC_541\Debug\CoinDetection.o
 .ARM.attributes
                0x000000fe       0x33 .\CortexM3\ARM_GCC_541\Debug\MotorControl.o
 .ARM.attributes
                0x00000131       0x33 .\CortexM3\ARM_GCC_541\Debug\RPi_IF.o
 .ARM.attributes
                0x00000164       0x33 .\CortexM3\ARM_GCC_541\Debug\UART_debug.o
 .ARM.attributes
                0x00000197       0x33 .\CortexM3\ARM_GCC_541\Debug\cyfitter_cfg.o
 .ARM.attributes
                0x000001ca       0x33 .\CortexM3\ARM_GCC_541\Debug\cymetadata.o
 .ARM.attributes
                0x000001fd       0x33 .\CortexM3\ARM_GCC_541\Debug\Cm3Start.o
 .ARM.attributes
                0x00000230       0x33 .\CortexM3\ARM_GCC_541\Debug\Bolddispenser_CoinMaster.a(UART.o)
 .ARM.attributes
                0x00000263       0x33 .\CortexM3\ARM_GCC_541\Debug\Bolddispenser_CoinMaster.a(isr_uart_rx.o)
 .ARM.attributes
                0x00000296       0x33 .\CortexM3\ARM_GCC_541\Debug\Bolddispenser_CoinMaster.a(isr_detection.o)
 .ARM.attributes
                0x000002c9       0x33 .\CortexM3\ARM_GCC_541\Debug\Bolddispenser_CoinMaster.a(Motor_Reg_2.o)
 .ARM.attributes
                0x000002fc       0x33 .\CortexM3\ARM_GCC_541\Debug\Bolddispenser_CoinMaster.a(Motor_Timer.o)
 .ARM.attributes
                0x0000032f       0x33 .\CortexM3\ARM_GCC_541\Debug\Bolddispenser_CoinMaster.a(isr_timer.o)
 .ARM.attributes
                0x00000362       0x33 .\CortexM3\ARM_GCC_541\Debug\Bolddispenser_CoinMaster.a(Interrupt.o)
 .ARM.attributes
                0x00000395       0x33 .\CortexM3\ARM_GCC_541\Debug\Bolddispenser_CoinMaster.a(I2C.o)
 .ARM.attributes
                0x000003c8       0x33 .\CortexM3\ARM_GCC_541\Debug\Bolddispenser_CoinMaster.a(I2C_INT.o)
 .ARM.attributes
                0x000003fb       0x33 .\CortexM3\ARM_GCC_541\Debug\Bolddispenser_CoinMaster.a(I2C_SLAVE.o)
 .ARM.attributes
                0x0000042e       0x33 .\CortexM3\ARM_GCC_541\Debug\Bolddispenser_CoinMaster.a(Sample_Hold_1.o)
 .ARM.attributes
                0x00000461       0x33 .\CortexM3\ARM_GCC_541\Debug\Bolddispenser_CoinMaster.a(ADC_DelSig_1.o)
 .ARM.attributes
                0x00000494       0x33 .\CortexM3\ARM_GCC_541\Debug\Bolddispenser_CoinMaster.a(ADC_DelSig_1_INT.o)
 .ARM.attributes
                0x000004c7       0x33 .\CortexM3\ARM_GCC_541\Debug\Bolddispenser_CoinMaster.a(PWM_1.o)
 .ARM.attributes
                0x000004fa       0x33 .\CortexM3\ARM_GCC_541\Debug\Bolddispenser_CoinMaster.a(pin_full.o)
 .ARM.attributes
                0x0000052d       0x33 .\CortexM3\ARM_GCC_541\Debug\Bolddispenser_CoinMaster.a(pin_empty.o)
 .ARM.attributes
                0x00000560       0x33 .\CortexM3\ARM_GCC_541\Debug\Bolddispenser_CoinMaster.a(Motor_Reg_1.o)
 .ARM.attributes
                0x00000593       0x33 .\CortexM3\ARM_GCC_541\Debug\Bolddispenser_CoinMaster.a(UART_IntClock.o)
 .ARM.attributes
                0x000005c6       0x33 .\CortexM3\ARM_GCC_541\Debug\Bolddispenser_CoinMaster.a(ADC_DelSig_1_AMux.o)
 .ARM.attributes
                0x000005f9       0x33 .\CortexM3\ARM_GCC_541\Debug\Bolddispenser_CoinMaster.a(ADC_DelSig_1_Ext_CP_Clk.o)
 .ARM.attributes
                0x0000062c       0x33 .\CortexM3\ARM_GCC_541\Debug\Bolddispenser_CoinMaster.a(ADC_DelSig_1_theACLK.o)
 .ARM.attributes
                0x0000065f       0x33 .\CortexM3\ARM_GCC_541\Debug\Bolddispenser_CoinMaster.a(CyLib.o)
 .ARM.attributes
                0x00000692       0x33 .\CortexM3\ARM_GCC_541\Debug\Bolddispenser_CoinMaster.a(cyPm.o)
 .ARM.attributes
                0x000006c5       0x21 .\CortexM3\ARM_GCC_541\Debug\Bolddispenser_CoinMaster.a(CyBootAsmGnu.o)
 .ARM.attributes
                0x000006e6       0x33 .\CortexM3\ARM_GCC_541\Debug\Bolddispenser_CoinMaster.a(CyFlash.o)
 .ARM.attributes
                0x00000719       0x33 .\CortexM3\ARM_GCC_541\Debug\Bolddispenser_CoinMaster.a(CySpc.o)
 .ARM.attributes
                0x0000074c       0x1d c:/program files (x86)/cypress/psoc creator/4.2/psoc creator/import/gnu/arm/5.4.1/bin/../lib/gcc/arm-none-eabi/5.4.1/armv7-m\libgcc.a(_arm_addsubdf3.o)
 .ARM.attributes
                0x00000769       0x1d c:/program files (x86)/cypress/psoc creator/4.2/psoc creator/import/gnu/arm/5.4.1/bin/../lib/gcc/arm-none-eabi/5.4.1/armv7-m\libgcc.a(_arm_cmpdf2.o)
 .ARM.attributes
                0x00000786       0x1d c:/program files (x86)/cypress/psoc creator/4.2/psoc creator/import/gnu/arm/5.4.1/bin/../lib/gcc/arm-none-eabi/5.4.1/armv7-m\libgcc.a(_arm_addsubsf3.o)
 .ARM.attributes
                0x000007a3       0x1d c:/program files (x86)/cypress/psoc creator/4.2/psoc creator/import/gnu/arm/5.4.1/bin/../lib/gcc/arm-none-eabi/5.4.1/armv7-m\libgcc.a(_arm_muldivsf3.o)
 .ARM.attributes
                0x000007c0       0x1d c:/program files (x86)/cypress/psoc creator/4.2/psoc creator/import/gnu/arm/5.4.1/bin/../lib/gcc/arm-none-eabi/5.4.1/armv7-m\libgcc.a(_arm_fixunssfsi.o)
 .ARM.attributes
                0x000007dd       0x2d c:/program files (x86)/cypress/psoc creator/4.2/psoc creator/import/gnu/arm/5.4.1/bin/../lib/gcc/arm-none-eabi/5.4.1/../../../../arm-none-eabi/lib/armv7-m\libg_nano.a(lib_a-errno.o)
 .ARM.attributes
                0x0000080a       0x2d c:/program files (x86)/cypress/psoc creator/4.2/psoc creator/import/gnu/arm/5.4.1/bin/../lib/gcc/arm-none-eabi/5.4.1/../../../../arm-none-eabi/lib/armv7-m\libg_nano.a(lib_a-exit.o)
 .ARM.attributes
                0x00000837       0x2d c:/program files (x86)/cypress/psoc creator/4.2/psoc creator/import/gnu/arm/5.4.1/bin/../lib/gcc/arm-none-eabi/5.4.1/../../../../arm-none-eabi/lib/armv7-m\libg_nano.a(lib_a-impure.o)
 .ARM.attributes
                0x00000864       0x2d c:/program files (x86)/cypress/psoc creator/4.2/psoc creator/import/gnu/arm/5.4.1/bin/../lib/gcc/arm-none-eabi/5.4.1/../../../../arm-none-eabi/lib/armv7-m\libg_nano.a(lib_a-init.o)
 .ARM.attributes
                0x00000891       0x2d c:/program files (x86)/cypress/psoc creator/4.2/psoc creator/import/gnu/arm/5.4.1/bin/../lib/gcc/arm-none-eabi/5.4.1/../../../../arm-none-eabi/lib/armv7-m\libg_nano.a(lib_a-memcpy-stub.o)
 .ARM.attributes
                0x000008be       0x2d c:/program files (x86)/cypress/psoc creator/4.2/psoc creator/import/gnu/arm/5.4.1/bin/../lib/gcc/arm-none-eabi/5.4.1/../../../../arm-none-eabi/lib/armv7-m\libg_nano.a(lib_a-memset.o)
 .ARM.attributes
                0x000008eb       0x2d c:/program files (x86)/cypress/psoc creator/4.2/psoc creator/import/gnu/arm/5.4.1/bin/../lib/gcc/arm-none-eabi/5.4.1/armv7-m/crtend.o
 .ARM.attributes
                0x00000918       0x1d c:/program files (x86)/cypress/psoc creator/4.2/psoc creator/import/gnu/arm/5.4.1/bin/../lib/gcc/arm-none-eabi/5.4.1/armv7-m/crtn.o

/DISCARD/
 *(.note.GNU-stack)
OUTPUT(\\vmware-host\Shared Folders\Documents\BallDispApp\Workspace12\Bolddispenser_CoinMaster.cydsn\CortexM3\ARM_GCC_541\Debug\Bolddispenser_CoinMaster.elf elf32-littlearm)
